Component: ARM Compiler 5.06 update 1 (build 61) Tool: armlink [4d35a8]

==============================================================================

Section Cross References

    main.o(i._Z14readLcdButtonsv) refers to main.o(i._ZN2io4readEv) for io::read()
    main.o(i._Z14readLcdButtonsv) refers to main.o(i._Z9pickColorccc) for pickColor(char, char, char)
    main.o(i._Z14readLcdButtonsv) refers to rt_memcpy.o(.text) for __aeabi_memcpy
    main.o(i._Z14readLcdButtonsv) refers to main.o(i._ZN7Lcd61007setRectEiiiihi) for Lcd6100::setRect(int, int, int, int, unsigned char, int)
    main.o(i._Z14readLcdButtonsv) refers to main.o(.bss) for S1
    main.o(i._Z14readLcdButtonsv) refers to main.o(.data) for s1
    main.o(i._Z8get_porth) refers to main.o(.constdata) for PTs
    main.o(i._ZN2io10enableGPIOEv) refers to main.o(.constdata) for PORTAE
    main.o(i._ZN7Lcd610010LCDCommandEh) refers to main.o(i._Z17delayMicrosecondsj) for delayMicroseconds(unsigned)
    main.o(i._ZN7Lcd61004initEi) refers to main.o(i._Z5delayj) for delay(unsigned)
    main.o(i._ZN7Lcd61004initEi) refers to main.o(i._Z17delayMicrosecondsj) for delayMicroseconds(unsigned)
    main.o(i._ZN7Lcd61004initEi) refers to main.o(i._ZN7Lcd610010LCDCommandEh) for Lcd6100::LCDCommand(unsigned char)
    main.o(i._ZN7Lcd61004initEi) refers to main.o(i._ZN7Lcd61007LCDDataEh) for Lcd6100::LCDData(unsigned char)
    main.o(i._ZN7Lcd61004initEv) refers to main.o(i._ZN7Lcd61004initEi) for Lcd6100::init(int)
    main.o(i._ZN7Lcd61005clearEi) refers to main.o(i._ZN7Lcd610010LCDCommandEh) for Lcd6100::LCDCommand(unsigned char)
    main.o(i._ZN7Lcd61005clearEi) refers to main.o(i._ZN7Lcd61007LCDDataEh) for Lcd6100::LCDData(unsigned char)
    main.o(i._ZN7Lcd61005clearEi) refers to main.o(.data) for x_offset
    main.o(i._ZN7Lcd61006setStrEPciiii) refers to main.o(i._ZN7Lcd61007setCharEciiii) for Lcd6100::setChar(char, int, int, int, int)
    main.o(i._ZN7Lcd61007LCDDataEh) refers to main.o(i._Z17delayMicrosecondsj) for delayMicroseconds(unsigned)
    main.o(i._ZN7Lcd61007setCharEciiii) refers to main.o(i._ZN7Lcd610010LCDCommandEh) for Lcd6100::LCDCommand(unsigned char)
    main.o(i._ZN7Lcd61007setCharEciiii) refers to main.o(i._ZN7Lcd61007LCDDataEh) for Lcd6100::LCDData(unsigned char)
    main.o(i._ZN7Lcd61007setCharEciiii) refers to main.o(.constdata) for FONT8x16
    main.o(i._ZN7Lcd61007setLineEiiiii) refers to main.o(i._ZN7Lcd61008setPixelEihh) for Lcd6100::setPixel(int, unsigned char, unsigned char)
    main.o(i._ZN7Lcd61007setRectEiiiihi) refers to main.o(i._ZN7Lcd61007setLineEiiiii) for Lcd6100::setLine(int, int, int, int, int)
    main.o(i._ZN7Lcd61008setPixelEihh) refers to main.o(i._ZN7Lcd610010LCDCommandEh) for Lcd6100::LCDCommand(unsigned char)
    main.o(i._ZN7Lcd61008setPixelEihh) refers to main.o(i._ZN7Lcd61007LCDDataEh) for Lcd6100::LCDData(unsigned char)
    main.o(i._ZN7Lcd61009setCircleEiiii) refers to main.o(i._ZN7Lcd61008setPixelEihh) for Lcd6100::setPixel(int, unsigned char, unsigned char)
    main.o(i.__sti___8_main_cpp_6720dcdb) refers to main.o(i._ZN4rectC1Ehhhh) for rect::rect(unsigned char, unsigned char, unsigned char, unsigned char)
    main.o(i.__sti___8_main_cpp_6720dcdb) refers to main.o(i._ZN6buttonC1EP9GPIO_Typeh) for button::button(GPIO_Type*, unsigned char)
    main.o(i.__sti___8_main_cpp_6720dcdb) refers to main.o(.data) for s1
    main.o(i.__sti___8_main_cpp_6720dcdb) refers to main.o(.bss) for S1
    main.o(i.main) refers to main.o(i._ZN7Lcd61004initEi) for Lcd6100::init(int)
    main.o(i.main) refers to main.o(i._ZN7Lcd61005clearEi) for Lcd6100::clear(int)
    main.o(i.main) refers to main.o(i._Z6redSeth) for redSet(unsigned char)
    main.o(i.main) refers to main.o(i._Z8greenSeth) for greenSet(unsigned char)
    main.o(i.main) refers to main.o(i._Z7blueSeth) for blueSet(unsigned char)
    main.o(i.main) refers to main.o(i._Z5delayj) for delay(unsigned)
    main.o(i.main) refers to main.o(i._ZN7Lcd61006setStrEPciiii) for Lcd6100::setStr(char*, int, int, int, int)
    main.o(i.main) refers to main.o(i._Z14readLcdButtonsv) for readLcdButtons()
    main.o(i.main) refers to main.o(.bss) for lcd
    main.o(.ARM.exidx) refers to main.o(i._Z17delayMicrosecondsj) for i._Z17delayMicrosecondsj
    main.o(.ARM.exidx) refers to main.o(i._Z5delayj) for i._Z5delayj
    main.o(.ARM.exidx) refers to main.o(i._Z8get_porth) for i._Z8get_porth
    main.o(.ARM.exidx) refers to main.o(i._Z3posh) for i._Z3posh
    main.o(.ARM.exidx) refers to main.o(i._Z6redSeth) for i._Z6redSeth
    main.o(.ARM.exidx) refers to main.o(i._Z7blueSeth) for i._Z7blueSeth
    main.o(.ARM.exidx) refers to main.o(i._Z8greenSeth) for i._Z8greenSeth
    main.o(.ARM.exidx) refers to main.o(i._Z6ledOffv) for i._Z6ledOffv
    main.o(.ARM.exidx) refers to main.o(i._Z9pickColorccc) for i._Z9pickColorccc
    main.o(.ARM.exidx) refers to main.o(i._Z6getRGBccc) for i._Z6getRGBccc
    main.o(.ARM.exidx) refers to main.o(i._ZN7Lcd61007LCDDataEh) for i._ZN7Lcd61007LCDDataEh
    main.o(.ARM.exidx) refers to main.o(i._ZN7Lcd610010LCDCommandEh) for i._ZN7Lcd610010LCDCommandEh
    main.o(.ARM.exidx) refers to main.o(i._ZN7Lcd61008setPixelEihh) for i._ZN7Lcd61008setPixelEihh
    main.o(.ARM.exidx) refers to main.o(i._ZN7Lcd61007setLineEiiiii) for i._ZN7Lcd61007setLineEiiiii
    main.o(.ARM.exidx) refers to main.o(i._ZN7Lcd61007setRectEiiiihi) for i._ZN7Lcd61007setRectEiiiihi
    main.o(.ARM.exidx) refers to main.o(i._Z14readLcdButtonsv) for i._Z14readLcdButtonsv
    main.o(.ARM.exidx) refers to main.o(i._ZN7Lcd61007setCharEciiii) for i._ZN7Lcd61007setCharEciiii
    main.o(.ARM.exidx) refers to main.o(i._ZN7Lcd61006setStrEPciiii) for i._ZN7Lcd61006setStrEPciiii
    main.o(.ARM.exidx) refers to main.o(i._ZN7Lcd61005clearEi) for i._ZN7Lcd61005clearEi
    main.o(.ARM.exidx) refers to main.o(i._ZN7Lcd61004initEi) for i._ZN7Lcd61004initEi
    main.o(.ARM.exidx) refers to main.o(i.main) for i.main
    main.o(.ARM.exidx) refers to main.o(i._ZN2io10enableGPIOEv) for i._ZN2io10enableGPIOEv
    main.o(.ARM.exidx) refers to main.o(i._ZN7Lcd61004initEv) for i._ZN7Lcd61004initEv
    main.o(.ARM.exidx) refers to main.o(i._ZN7Lcd61009setCircleEiiii) for i._ZN7Lcd61009setCircleEiiii
    main.o(.ARM.exidx) refers to main.o(i.__sti___8_main_cpp_6720dcdb) for i.__sti___8_main_cpp_6720dcdb
    main.o(.init_array) refers to main.o(i.__sti___8_main_cpp_6720dcdb) for __sti___8_main_cpp_6720dcdb
    main.o(.init_array) refers to init_aeabi.o(.text) for __cpp_initialize__aeabi_
    startup_mkl25z4.o(STACK) refers (Special) to heapauxi.o(.text) for __use_two_region_memory
    startup_mkl25z4.o(HEAP) refers (Special) to heapauxi.o(.text) for __use_two_region_memory
    startup_mkl25z4.o(RESET) refers (Special) to heapauxi.o(.text) for __use_two_region_memory
    startup_mkl25z4.o(RESET) refers to startup_mkl25z4.o(STACK) for __initial_sp
    startup_mkl25z4.o(RESET) refers to startup_mkl25z4.o(.text) for Reset_Handler
    startup_mkl25z4.o(.ARM.__at_0x400) refers (Special) to heapauxi.o(.text) for __use_two_region_memory
    startup_mkl25z4.o(.text) refers (Special) to heapauxi.o(.text) for __use_two_region_memory
    startup_mkl25z4.o(.text) refers to system_mkl25z4.o(i.SystemInit) for SystemInit
    startup_mkl25z4.o(.text) refers to __main.o(!!!main) for __main
    startup_mkl25z4.o(.text) refers to startup_mkl25z4.o(HEAP) for Heap_Mem
    startup_mkl25z4.o(.text) refers to startup_mkl25z4.o(STACK) for Stack_Mem
    system_mkl25z4.o(i.SystemCoreClockUpdate) refers to aeabi_sdiv.o(.text) for __aeabi_uidivmod
    system_mkl25z4.o(i.SystemCoreClockUpdate) refers to system_mkl25z4.o(i.__ARM_common_switch8) for __ARM_common_switch8
    system_mkl25z4.o(i.SystemCoreClockUpdate) refers to system_mkl25z4.o(.data) for SystemCoreClock
    rt_memcpy.o(.text) refers to rt_memcpy.o(.emb_text) for __aeabi_memcpy4
    __main.o(!!!main) refers to __rtentry.o(.ARM.Collect$$rtentry$$00000000) for __rt_entry
    init_aeabi.o(.emb_text) refers (Special) to libinit2.o(.ARM.Collect$$libinit$$00000031) for __rt_lib_init_cpp_2
    init_aeabi.o(.init_array) refers (Special) to libinit2.o(.ARM.Collect$$libinit$$00000031) for __rt_lib_init_cpp_2
    init_aeabi.o(.init_array) refers to init_aeabi.o(.text) for __cpp_initialize__aeabi_
    init_aeabi.o(.dummy_text) refers (Special) to libinit2.o(.ARM.Collect$$libinit$$00000031) for __rt_lib_init_cpp_2
    init_aeabi.o(.text) refers (Special) to libinit2.o(.ARM.Collect$$libinit$$00000031) for __rt_lib_init_cpp_2
    init_aeabi.o(.ARM.exidx) refers (Special) to libinit2.o(.ARM.Collect$$libinit$$00000031) for __rt_lib_init_cpp_2
    init_aeabi.o(.ARM.exidx) refers to init_aeabi.o(.text) for .text
    __rtentry.o(.ARM.Collect$$rtentry$$00000000) refers (Special) to __rtentry2.o(.ARM.Collect$$rtentry$$0000000A) for __rt_entry_li
    __rtentry.o(.ARM.Collect$$rtentry$$00000000) refers (Special) to __rtentry2.o(.ARM.Collect$$rtentry$$0000000D) for __rt_entry_main
    __rtentry.o(.ARM.Collect$$rtentry$$00000000) refers (Special) to __rtentry2.o(.ARM.Collect$$rtentry$$0000000C) for __rt_entry_postli_1
    __rtentry.o(.ARM.Collect$$rtentry$$00000000) refers (Special) to __rtentry2.o(.ARM.Collect$$rtentry$$00000009) for __rt_entry_postsh_1
    __rtentry.o(.ARM.Collect$$rtentry$$00000000) refers (Special) to __rtentry2.o(.ARM.Collect$$rtentry$$00000002) for __rt_entry_presh_1
    __rtentry.o(.ARM.Collect$$rtentry$$00000000) refers (Special) to __rtentry4.o(.ARM.Collect$$rtentry$$00000004) for __rt_entry_sh
    aeabi_idiv0_sigfpe.o(.text) refers to rt_div0.o(.text) for __rt_div0
    libinit2.o(.ARM.Collect$$libinit$$00000010) refers to libinit2.o(.ARM.Collect$$libinit$$0000000F) for .ARM.Collect$$libinit$$0000000F
    libinit2.o(.ARM.Collect$$libinit$$00000012) refers to libinit2.o(.ARM.Collect$$libinit$$0000000F) for .ARM.Collect$$libinit$$0000000F
    libinit2.o(.ARM.Collect$$libinit$$00000014) refers to libinit2.o(.ARM.Collect$$libinit$$0000000F) for .ARM.Collect$$libinit$$0000000F
    libinit2.o(.ARM.Collect$$libinit$$00000016) refers to libinit2.o(.ARM.Collect$$libinit$$0000000F) for .ARM.Collect$$libinit$$0000000F
    libinit2.o(.ARM.Collect$$libinit$$00000018) refers to libinit2.o(.ARM.Collect$$libinit$$0000000F) for .ARM.Collect$$libinit$$0000000F
    libinit2.o(.ARM.Collect$$libinit$$00000026) refers to argv_veneer.o(.text) for __ARM_argv_veneer
    libinit2.o(.ARM.Collect$$libinit$$00000027) refers to argv_veneer.o(.text) for __ARM_argv_veneer
    libinit2.o(.ARM.Collect$$libinit$$00000031) refers (Weak) to init_aeabi.o(.text) for __cpp_initialize__aeabi_
    __rtentry2.o(.ARM.Collect$$rtentry$$00000008) refers to boardinit2.o(.text) for _platform_post_stackheap_init
    __rtentry2.o(.ARM.Collect$$rtentry$$0000000A) refers to libinit.o(.ARM.Collect$$libinit$$00000000) for __rt_lib_init
    __rtentry2.o(.ARM.Collect$$rtentry$$0000000B) refers to boardinit3.o(.text) for _platform_post_lib_init
    __rtentry2.o(.ARM.Collect$$rtentry$$0000000D) refers to main.o(i.main) for main
    __rtentry2.o(.ARM.Collect$$rtentry$$0000000D) refers to exit.o(.text) for exit
    __rtentry2.o(.ARM.exidx) refers to __rtentry2.o(.ARM.Collect$$rtentry$$00000001) for .ARM.Collect$$rtentry$$00000001
    __rtentry2.o(.ARM.exidx) refers to __rtentry2.o(.ARM.Collect$$rtentry$$00000008) for .ARM.Collect$$rtentry$$00000008
    __rtentry2.o(.ARM.exidx) refers to __rtentry2.o(.ARM.Collect$$rtentry$$0000000A) for .ARM.Collect$$rtentry$$0000000A
    __rtentry2.o(.ARM.exidx) refers to __rtentry2.o(.ARM.Collect$$rtentry$$0000000B) for .ARM.Collect$$rtentry$$0000000B
    __rtentry2.o(.ARM.exidx) refers to __rtentry2.o(.ARM.Collect$$rtentry$$0000000D) for .ARM.Collect$$rtentry$$0000000D
    __rtentry4.o(.ARM.Collect$$rtentry$$00000004) refers to sys_stackheap_outer.o(.text) for __user_setup_stackheap
    __rtentry4.o(.ARM.exidx) refers to __rtentry4.o(.ARM.Collect$$rtentry$$00000004) for .ARM.Collect$$rtentry$$00000004
    rt_div0.o(.text) refers to defsig_fpe_outer.o(.text) for __rt_SIGFPE
    sys_stackheap_outer.o(.text) refers to libspace.o(.text) for __user_perproc_libspace
    sys_stackheap_outer.o(.text) refers to startup_mkl25z4.o(.text) for __user_initial_stackheap
    sys_stackheap_outer.o(__vectab_stack_and_reset_area) refers to tempstk.o(.text) for __temporary_stack_top
    sys_stackheap_outer.o(__vectab_stack_and_reset_area) refers to __main.o(!!!main) for __main
    exit.o(.text) refers to rtexit.o(.ARM.Collect$$rtexit$$00000000) for __rt_exit
    defsig_fpe_outer.o(.text) refers to defsig_fpe_inner.o(.text) for __rt_SIGFPE_inner
    defsig_fpe_outer.o(.text) refers to defsig_exit.o(.text) for __sig_exit
    defsig_fpe_formal.o(.text) refers to rt_raise.o(.text) for __rt_raise
    _get_argv_nomalloc.o(.text) refers (Special) to hrguard.o(.text) for __heap_region$guard
    _get_argv_nomalloc.o(.text) refers to defsig_rtmem_outer.o(.text) for __rt_SIGRTMEM
    _get_argv_nomalloc.o(.text) refers to sys_command.o(.text) for _sys_command_string
    libinit.o(.ARM.Collect$$libinit$$00000000) refers (Special) to libinit2.o(.ARM.Collect$$libinit$$0000002E) for __rt_lib_init_alloca_1
    libinit.o(.ARM.Collect$$libinit$$00000000) refers (Special) to libinit2.o(.ARM.Collect$$libinit$$0000002C) for __rt_lib_init_argv_1
    libinit.o(.ARM.Collect$$libinit$$00000000) refers (Special) to libinit2.o(.ARM.Collect$$libinit$$0000001B) for __rt_lib_init_atexit_1
    libinit.o(.ARM.Collect$$libinit$$00000000) refers (Special) to libinit2.o(.ARM.Collect$$libinit$$00000021) for __rt_lib_init_clock_1
    libinit.o(.ARM.Collect$$libinit$$00000000) refers (Special) to libinit2.o(.ARM.Collect$$libinit$$00000032) for __rt_lib_init_cpp_1
    libinit.o(.ARM.Collect$$libinit$$00000000) refers (Special) to libinit2.o(.ARM.Collect$$libinit$$00000030) for __rt_lib_init_exceptions_1
    libinit.o(.ARM.Collect$$libinit$$00000000) refers (Special) to libinit2.o(.ARM.Collect$$libinit$$00000002) for __rt_lib_init_fp_1
    libinit.o(.ARM.Collect$$libinit$$00000000) refers (Special) to libinit2.o(.ARM.Collect$$libinit$$0000001F) for __rt_lib_init_fp_trap_1
    libinit.o(.ARM.Collect$$libinit$$00000000) refers (Special) to libinit2.o(.ARM.Collect$$libinit$$00000023) for __rt_lib_init_getenv_1
    libinit.o(.ARM.Collect$$libinit$$00000000) refers (Special) to libinit2.o(.ARM.Collect$$libinit$$0000000A) for __rt_lib_init_heap_1
    libinit.o(.ARM.Collect$$libinit$$00000000) refers (Special) to libinit2.o(.ARM.Collect$$libinit$$00000011) for __rt_lib_init_lc_collate_1
    libinit.o(.ARM.Collect$$libinit$$00000000) refers (Special) to libinit2.o(.ARM.Collect$$libinit$$00000013) for __rt_lib_init_lc_ctype_1
    libinit.o(.ARM.Collect$$libinit$$00000000) refers (Special) to libinit2.o(.ARM.Collect$$libinit$$00000015) for __rt_lib_init_lc_monetary_1
    libinit.o(.ARM.Collect$$libinit$$00000000) refers (Special) to libinit2.o(.ARM.Collect$$libinit$$00000017) for __rt_lib_init_lc_numeric_1
    libinit.o(.ARM.Collect$$libinit$$00000000) refers (Special) to libinit2.o(.ARM.Collect$$libinit$$00000019) for __rt_lib_init_lc_time_1
    libinit.o(.ARM.Collect$$libinit$$00000000) refers (Special) to libinit2.o(.ARM.Collect$$libinit$$00000004) for __rt_lib_init_preinit_1
    libinit.o(.ARM.Collect$$libinit$$00000000) refers (Special) to libinit2.o(.ARM.Collect$$libinit$$0000000E) for __rt_lib_init_rand_1
    libinit.o(.ARM.Collect$$libinit$$00000000) refers (Special) to libinit2.o(.ARM.Collect$$libinit$$00000033) for __rt_lib_init_return
    libinit.o(.ARM.Collect$$libinit$$00000000) refers (Special) to libinit2.o(.ARM.Collect$$libinit$$0000001D) for __rt_lib_init_signal_1
    libinit.o(.ARM.Collect$$libinit$$00000000) refers (Special) to libinit2.o(.ARM.Collect$$libinit$$00000025) for __rt_lib_init_stdio_1
    libinit.o(.ARM.Collect$$libinit$$00000000) refers (Special) to libinit2.o(.ARM.Collect$$libinit$$0000000C) for __rt_lib_init_user_alloc_1
    sys_command.o(.text) refers (Special) to use_no_semi.o(.text) for __I$use$semihosting
    sys_command.o(.text) refers (Special) to indicate_semi.o(.text) for __semihosting_library_function
    libspace.o(.text) refers to libspace.o(.bss) for __libspace_start
    rtexit.o(.ARM.Collect$$rtexit$$00000000) refers (Special) to rtexit2.o(.ARM.Collect$$rtexit$$00000004) for __rt_exit_exit
    rtexit.o(.ARM.Collect$$rtexit$$00000000) refers (Special) to rtexit2.o(.ARM.Collect$$rtexit$$00000003) for __rt_exit_ls
    rtexit.o(.ARM.Collect$$rtexit$$00000000) refers (Special) to rtexit2.o(.ARM.Collect$$rtexit$$00000002) for __rt_exit_prels_1
    rtexit.o(.ARM.exidx) refers (Special) to rtexit2.o(.ARM.Collect$$rtexit$$00000004) for __rt_exit_exit
    rtexit.o(.ARM.exidx) refers (Special) to rtexit2.o(.ARM.Collect$$rtexit$$00000003) for __rt_exit_ls
    rtexit.o(.ARM.exidx) refers (Special) to rtexit2.o(.ARM.Collect$$rtexit$$00000002) for __rt_exit_prels_1
    rtexit.o(.ARM.exidx) refers to rtexit.o(.ARM.Collect$$rtexit$$00000000) for .ARM.Collect$$rtexit$$00000000
    rt_raise.o(.text) refers to __raise.o(.text) for __raise
    rt_raise.o(.text) refers to sys_exit.o(.text) for _sys_exit
    defsig_exit.o(.text) refers to sys_exit.o(.text) for _sys_exit
    defsig_fpe_inner.o(.text) refers to defsig_general.o(.text) for __default_signal_display
    defsig_rtmem_outer.o(.text) refers to defsig_rtmem_inner.o(.text) for __rt_SIGRTMEM_inner
    defsig_rtmem_outer.o(.text) refers to defsig_exit.o(.text) for __sig_exit
    defsig_rtmem_formal.o(.text) refers to rt_raise.o(.text) for __rt_raise
    sys_exit.o(.text) refers (Special) to use_no_semi.o(.text) for __I$use$semihosting
    sys_exit.o(.text) refers (Special) to indicate_semi.o(.text) for __semihosting_library_function
    rtexit2.o(.ARM.Collect$$rtexit$$00000003) refers to libshutdown.o(.ARM.Collect$$libshutdown$$00000000) for __rt_lib_shutdown
    rtexit2.o(.ARM.Collect$$rtexit$$00000004) refers to sys_exit.o(.text) for _sys_exit
    rtexit2.o(.ARM.exidx) refers to rtexit2.o(.ARM.Collect$$rtexit$$00000001) for .ARM.Collect$$rtexit$$00000001
    rtexit2.o(.ARM.exidx) refers to rtexit2.o(.ARM.Collect$$rtexit$$00000003) for .ARM.Collect$$rtexit$$00000003
    rtexit2.o(.ARM.exidx) refers to rtexit2.o(.ARM.Collect$$rtexit$$00000004) for .ARM.Collect$$rtexit$$00000004
    __raise.o(.text) refers to defsig.o(CL$$defsig) for __default_signal_handler
    defsig_general.o(.text) refers to sys_wrch.o(.text) for _ttywrch
    defsig_rtmem_inner.o(.text) refers to defsig_general.o(.text) for __default_signal_display
    sys_wrch.o(.text) refers (Special) to use_no_semi.o(.text) for __I$use$semihosting
    sys_wrch.o(.text) refers (Special) to indicate_semi.o(.text) for __semihosting_library_function
    defsig.o(CL$$defsig) refers to defsig_fpe_inner.o(.text) for __rt_SIGFPE_inner
    defsig.o(CL$$defsig) refers to defsig_rtmem_inner.o(.text) for __rt_SIGRTMEM_inner
    libshutdown.o(.ARM.Collect$$libshutdown$$00000000) refers (Special) to libshutdown2.o(.ARM.Collect$$libshutdown$$00000002) for __rt_lib_shutdown_cpp_1
    libshutdown.o(.ARM.Collect$$libshutdown$$00000000) refers (Special) to libshutdown2.o(.ARM.Collect$$libshutdown$$00000007) for __rt_lib_shutdown_fp_trap_1
    libshutdown.o(.ARM.Collect$$libshutdown$$00000000) refers (Special) to libshutdown2.o(.ARM.Collect$$libshutdown$$0000000F) for __rt_lib_shutdown_heap_1
    libshutdown.o(.ARM.Collect$$libshutdown$$00000000) refers (Special) to libshutdown2.o(.ARM.Collect$$libshutdown$$00000010) for __rt_lib_shutdown_return
    libshutdown.o(.ARM.Collect$$libshutdown$$00000000) refers (Special) to libshutdown2.o(.ARM.Collect$$libshutdown$$0000000A) for __rt_lib_shutdown_signal_1
    libshutdown.o(.ARM.Collect$$libshutdown$$00000000) refers (Special) to libshutdown2.o(.ARM.Collect$$libshutdown$$00000004) for __rt_lib_shutdown_stdio_1
    libshutdown.o(.ARM.Collect$$libshutdown$$00000000) refers (Special) to libshutdown2.o(.ARM.Collect$$libshutdown$$0000000C) for __rt_lib_shutdown_user_alloc_1
    defsig_abrt_inner.o(.text) refers to defsig_general.o(.text) for __default_signal_display
    defsig_rtred_inner.o(.text) refers to defsig_general.o(.text) for __default_signal_display
    defsig_stak_inner.o(.text) refers to defsig_general.o(.text) for __default_signal_display
    defsig_pvfn_inner.o(.text) refers to defsig_general.o(.text) for __default_signal_display
    defsig_cppl_inner.o(.text) refers to defsig_general.o(.text) for __default_signal_display
    defsig_segv_inner.o(.text) refers to defsig_general.o(.text) for __default_signal_display
    defsig_other.o(.text) refers to defsig_general.o(.text) for __default_signal_display
    main.o(.ARM.exidx) refers to main.o(i._ZN2io4readEv) for i._ZN2io4readEv
    main.o(.ARM.exidx) refers to main.o(i._ZN4rectC1Ehhhh) for i._ZN4rectC1Ehhhh
    main.o(i._ZN6buttonC1EP9GPIO_Typeh) refers to main.o(.constdata) for PTs
    main.o(.ARM.exidx) refers to main.o(i._ZN6buttonC1EP9GPIO_Typeh) for i._ZN6buttonC1EP9GPIO_Typeh


==============================================================================

Removing Unused input sections from the image.

    Removing main.o(.rev16_text), (4 bytes).
    Removing main.o(.revsh_text), (4 bytes).
    Removing main.o(i._Z3posh), (8 bytes).
    Removing main.o(i._Z6getRGBccc), (18 bytes).
    Removing main.o(i._Z6ledOffv), (36 bytes).
    Removing main.o(i._Z8get_porth), (48 bytes).
    Removing main.o(i._ZN2io10enableGPIOEv), (52 bytes).
    Removing main.o(i._ZN7Lcd61004initEv), (14 bytes).
    Removing main.o(i._ZN7Lcd61009setCircleEiiii), (274 bytes).
    Removing main.o(.ARM.exidx), (8 bytes).
    Removing main.o(.ARM.exidx), (8 bytes).
    Removing main.o(.ARM.exidx), (8 bytes).
    Removing main.o(.ARM.exidx), (8 bytes).
    Removing main.o(.ARM.exidx), (8 bytes).
    Removing main.o(.ARM.exidx), (8 bytes).
    Removing main.o(.ARM.exidx), (8 bytes).
    Removing main.o(.ARM.exidx), (8 bytes).
    Removing main.o(.ARM.exidx), (8 bytes).
    Removing main.o(.ARM.exidx), (8 bytes).
    Removing main.o(.ARM.exidx), (8 bytes).
    Removing main.o(.ARM.exidx), (8 bytes).
    Removing main.o(.ARM.exidx), (8 bytes).
    Removing main.o(.ARM.exidx), (8 bytes).
    Removing main.o(.ARM.exidx), (8 bytes).
    Removing main.o(.ARM.exidx), (8 bytes).
    Removing main.o(.ARM.exidx), (8 bytes).
    Removing main.o(.ARM.exidx), (8 bytes).
    Removing main.o(.ARM.exidx), (8 bytes).
    Removing main.o(.ARM.exidx), (8 bytes).
    Removing main.o(.ARM.exidx), (8 bytes).
    Removing main.o(.ARM.exidx), (8 bytes).
    Removing main.o(.ARM.exidx), (8 bytes).
    Removing main.o(.ARM.exidx), (8 bytes).
    Removing main.o(.ARM.exidx), (8 bytes).
    Removing system_mkl25z4.o(.rev16_text), (4 bytes).
    Removing system_mkl25z4.o(.revsh_text), (4 bytes).
    Removing system_mkl25z4.o(i.SystemCoreClockUpdate), (400 bytes).
    Removing system_mkl25z4.o(.data), (4 bytes).
    Removing main.o(.ARM.exidx), (8 bytes).
    Removing main.o(.ARM.exidx), (8 bytes).
    Removing main.o(.ARM.exidx), (8 bytes).
    Removing system_mkl25z4.o(i.__ARM_common_switch8), (28 bytes).

42 unused section(s) (total 1122 bytes) removed from the image.

==============================================================================

Image Symbol Table

    Local Symbols

    Symbol Name                              Value     Ov Type        Size  Object(Section)

    RESET                                    0x00000000   Section      192  startup_mkl25z4.o(RESET)
    ../clib/angel/boardlib.s                 0x00000000   Number         0  boardinit3.o ABSOLUTE
    ../clib/angel/boardlib.s                 0x00000000   Number         0  boardinit2.o ABSOLUTE
    ../clib/angel/boardlib.s                 0x00000000   Number         0  boardshut.o ABSOLUTE
    ../clib/angel/boardlib.s                 0x00000000   Number         0  boardinit1.o ABSOLUTE
    ../clib/angel/handlers.s                 0x00000000   Number         0  __scatter_zi.o ABSOLUTE
    ../clib/angel/handlers.s                 0x00000000   Number         0  __scatter_copy.o ABSOLUTE
    ../clib/angel/kernel.s                   0x00000000   Number         0  __rtentry.o ABSOLUTE
    ../clib/angel/kernel.s                   0x00000000   Number         0  rtexit2.o ABSOLUTE
    ../clib/angel/kernel.s                   0x00000000   Number         0  rtexit.o ABSOLUTE
    ../clib/angel/kernel.s                   0x00000000   Number         0  __rtentry4.o ABSOLUTE
    ../clib/angel/kernel.s                   0x00000000   Number         0  __rtentry2.o ABSOLUTE
    ../clib/angel/rt.s                       0x00000000   Number         0  aeabi_idiv0_sigfpe.o ABSOLUTE
    ../clib/angel/rt.s                       0x00000000   Number         0  aeabi_idiv0.o ABSOLUTE
    ../clib/angel/rt.s                       0x00000000   Number         0  rt_raise.o ABSOLUTE
    ../clib/angel/rt.s                       0x00000000   Number         0  rt_div0.o ABSOLUTE
    ../clib/angel/scatterp.s                 0x00000000   Number         0  __scatter.o ABSOLUTE
    ../clib/angel/startup.s                  0x00000000   Number         0  __main.o ABSOLUTE
    ../clib/angel/sys.s                      0x00000000   Number         0  use_no_semi.o ABSOLUTE
    ../clib/angel/sys.s                      0x00000000   Number         0  indicate_semi.o ABSOLUTE
    ../clib/angel/sys.s                      0x00000000   Number         0  sys_stackheap_outer.o ABSOLUTE
    ../clib/angel/sys.s                      0x00000000   Number         0  tempstk.o ABSOLUTE
    ../clib/angel/sys.s                      0x00000000   Number         0  libspace.o ABSOLUTE
    ../clib/angel/sysapp.c                   0x00000000   Number         0  sys_wrch.o ABSOLUTE
    ../clib/angel/sysapp.c                   0x00000000   Number         0  sys_command.o ABSOLUTE
    ../clib/angel/sysapp.c                   0x00000000   Number         0  sys_exit.o ABSOLUTE
    ../clib/arm_runtime.c                    0x00000000   Number         0  init_aeabi.o ABSOLUTE
    ../clib/arm_runtime.c                    0x00000000   Number         0  init_aeabi.o ABSOLUTE
    ../clib/armsys.c                         0x00000000   Number         0  argv_veneer.o ABSOLUTE
    ../clib/armsys.c                         0x00000000   Number         0  no_argv.o ABSOLUTE
    ../clib/armsys.c                         0x00000000   Number         0  _get_argv_nomalloc.o ABSOLUTE
    ../clib/division.s                       0x00000000   Number         0  aeabi_sdiv.o ABSOLUTE
    ../clib/division.s                       0x00000000   Number         0  aeabi_sdiv_div0.o ABSOLUTE
    ../clib/heapalloc.c                      0x00000000   Number         0  hrguard.o ABSOLUTE
    ../clib/heapaux.c                        0x00000000   Number         0  heapauxi.o ABSOLUTE
    ../clib/libinit.s                        0x00000000   Number         0  libshutdown.o ABSOLUTE
    ../clib/libinit.s                        0x00000000   Number         0  libinit.o ABSOLUTE
    ../clib/libinit.s                        0x00000000   Number         0  libinit2.o ABSOLUTE
    ../clib/libinit.s                        0x00000000   Number         0  libshutdown2.o ABSOLUTE
    ../clib/memcpset.c                       0x00000000   Number         0  rt_memcpy.o ABSOLUTE
    ../clib/memcpset.c                       0x00000000   Number         0  rt_memcpy.o ABSOLUTE
    ../clib/signal.c                         0x00000000   Number         0  defsig_rtmem_outer.o ABSOLUTE
    ../clib/signal.c                         0x00000000   Number         0  defsig_stak_inner.o ABSOLUTE
    ../clib/signal.c                         0x00000000   Number         0  defsig_rtmem_inner.o ABSOLUTE
    ../clib/signal.c                         0x00000000   Number         0  defsig_general.o ABSOLUTE
    ../clib/signal.c                         0x00000000   Number         0  __raise.o ABSOLUTE
    ../clib/signal.c                         0x00000000   Number         0  defsig_rtmem_formal.o ABSOLUTE
    ../clib/signal.c                         0x00000000   Number         0  defsig_fpe_formal.o ABSOLUTE
    ../clib/signal.c                         0x00000000   Number         0  defsig_fpe_inner.o ABSOLUTE
    ../clib/signal.c                         0x00000000   Number         0  defsig_exit.o ABSOLUTE
    ../clib/signal.c                         0x00000000   Number         0  defsig_abrt_inner.o ABSOLUTE
    ../clib/signal.c                         0x00000000   Number         0  defsig_rtred_inner.o ABSOLUTE
    ../clib/signal.c                         0x00000000   Number         0  defsig_other.o ABSOLUTE
    ../clib/signal.c                         0x00000000   Number         0  defsig_fpe_outer.o ABSOLUTE
    ../clib/signal.c                         0x00000000   Number         0  defsig_pvfn_inner.o ABSOLUTE
    ../clib/signal.c                         0x00000000   Number         0  defsig_cppl_inner.o ABSOLUTE
    ../clib/signal.c                         0x00000000   Number         0  defsig_segv_inner.o ABSOLUTE
    ../clib/signal.s                         0x00000000   Number         0  defsig.o ABSOLUTE
    ../clib/stdlib.c                         0x00000000   Number         0  exit.o ABSOLUTE
    ../fplib/cfplib/fpinit.c                 0x00000000   Number         0  fpinit.o ABSOLUTE
    RTE\Device\MKL25Z128xxx4\startup_MKL25Z4.s 0x00000000   Number         0  startup_mkl25z4.o ABSOLUTE
    RTE\Device\MKL25Z128xxx4\system_MKL25Z4.c 0x00000000   Number         0  system_mkl25z4.o ABSOLUTE
    RTE\\Device\\MKL25Z128xxx4\\system_MKL25Z4.c 0x00000000   Number         0  system_mkl25z4.o ABSOLUTE
    dc.s                                     0x00000000   Number         0  dc.o ABSOLUTE
    main.cpp                                 0x00000000   Number         0  main.o ABSOLUTE
    main.cpp                                 0x00000000   Number         0  main.o ABSOLUTE
    !!!main                                  0x000000c0   Section        8  __main.o(!!!main)
    !!!scatter                               0x000000c8   Section       60  __scatter.o(!!!scatter)
    !!handler_copy                           0x00000104   Section       26  __scatter_copy.o(!!handler_copy)
    !!handler_zi                             0x00000120   Section       28  __scatter_zi.o(!!handler_zi)
    .ARM.Collect$$libinit$$00000000          0x0000013c   Section        2  libinit.o(.ARM.Collect$$libinit$$00000000)
    .ARM.Collect$$libinit$$00000002          0x0000013e   Section        0  libinit2.o(.ARM.Collect$$libinit$$00000002)
    .ARM.Collect$$libinit$$00000004          0x0000013e   Section        0  libinit2.o(.ARM.Collect$$libinit$$00000004)
    .ARM.Collect$$libinit$$0000000A          0x0000013e   Section        0  libinit2.o(.ARM.Collect$$libinit$$0000000A)
    .ARM.Collect$$libinit$$0000000C          0x0000013e   Section        0  libinit2.o(.ARM.Collect$$libinit$$0000000C)
    .ARM.Collect$$libinit$$0000000E          0x0000013e   Section        0  libinit2.o(.ARM.Collect$$libinit$$0000000E)
    .ARM.Collect$$libinit$$00000011          0x0000013e   Section        0  libinit2.o(.ARM.Collect$$libinit$$00000011)
    .ARM.Collect$$libinit$$00000013          0x0000013e   Section        0  libinit2.o(.ARM.Collect$$libinit$$00000013)
    .ARM.Collect$$libinit$$00000015          0x0000013e   Section        0  libinit2.o(.ARM.Collect$$libinit$$00000015)
    .ARM.Collect$$libinit$$00000017          0x0000013e   Section        0  libinit2.o(.ARM.Collect$$libinit$$00000017)
    .ARM.Collect$$libinit$$00000019          0x0000013e   Section        0  libinit2.o(.ARM.Collect$$libinit$$00000019)
    .ARM.Collect$$libinit$$0000001B          0x0000013e   Section        0  libinit2.o(.ARM.Collect$$libinit$$0000001B)
    .ARM.Collect$$libinit$$0000001D          0x0000013e   Section        0  libinit2.o(.ARM.Collect$$libinit$$0000001D)
    .ARM.Collect$$libinit$$0000001F          0x0000013e   Section        0  libinit2.o(.ARM.Collect$$libinit$$0000001F)
    .ARM.Collect$$libinit$$00000021          0x0000013e   Section        0  libinit2.o(.ARM.Collect$$libinit$$00000021)
    .ARM.Collect$$libinit$$00000023          0x0000013e   Section        0  libinit2.o(.ARM.Collect$$libinit$$00000023)
    .ARM.Collect$$libinit$$00000025          0x0000013e   Section        0  libinit2.o(.ARM.Collect$$libinit$$00000025)
    .ARM.Collect$$libinit$$0000002C          0x0000013e   Section        0  libinit2.o(.ARM.Collect$$libinit$$0000002C)
    .ARM.Collect$$libinit$$0000002E          0x0000013e   Section        0  libinit2.o(.ARM.Collect$$libinit$$0000002E)
    .ARM.Collect$$libinit$$00000030          0x0000013e   Section        0  libinit2.o(.ARM.Collect$$libinit$$00000030)
    .ARM.Collect$$libinit$$00000031          0x0000013e   Section        4  libinit2.o(.ARM.Collect$$libinit$$00000031)
    .ARM.Collect$$libinit$$00000032          0x00000142   Section        0  libinit2.o(.ARM.Collect$$libinit$$00000032)
    .ARM.Collect$$libinit$$00000033          0x00000142   Section        2  libinit2.o(.ARM.Collect$$libinit$$00000033)
    .ARM.Collect$$libshutdown$$00000000      0x00000144   Section        2  libshutdown.o(.ARM.Collect$$libshutdown$$00000000)
    .ARM.Collect$$libshutdown$$00000002      0x00000146   Section        0  libshutdown2.o(.ARM.Collect$$libshutdown$$00000002)
    .ARM.Collect$$libshutdown$$00000004      0x00000146   Section        0  libshutdown2.o(.ARM.Collect$$libshutdown$$00000004)
    .ARM.Collect$$libshutdown$$00000007      0x00000146   Section        0  libshutdown2.o(.ARM.Collect$$libshutdown$$00000007)
    .ARM.Collect$$libshutdown$$0000000A      0x00000146   Section        0  libshutdown2.o(.ARM.Collect$$libshutdown$$0000000A)
    .ARM.Collect$$libshutdown$$0000000C      0x00000146   Section        0  libshutdown2.o(.ARM.Collect$$libshutdown$$0000000C)
    .ARM.Collect$$libshutdown$$0000000F      0x00000146   Section        0  libshutdown2.o(.ARM.Collect$$libshutdown$$0000000F)
    .ARM.Collect$$libshutdown$$00000010      0x00000146   Section        2  libshutdown2.o(.ARM.Collect$$libshutdown$$00000010)
    .ARM.Collect$$rtentry$$00000000          0x00000148   Section        0  __rtentry.o(.ARM.Collect$$rtentry$$00000000)
    .ARM.Collect$$rtentry$$00000002          0x00000148   Section        0  __rtentry2.o(.ARM.Collect$$rtentry$$00000002)
    .ARM.Collect$$rtentry$$00000004          0x00000148   Section        6  __rtentry4.o(.ARM.Collect$$rtentry$$00000004)
    .ARM.Collect$$rtentry$$00000009          0x0000014e   Section        0  __rtentry2.o(.ARM.Collect$$rtentry$$00000009)
    .ARM.Collect$$rtentry$$0000000A          0x0000014e   Section        4  __rtentry2.o(.ARM.Collect$$rtentry$$0000000A)
    .ARM.Collect$$rtentry$$0000000C          0x00000152   Section        0  __rtentry2.o(.ARM.Collect$$rtentry$$0000000C)
    .ARM.Collect$$rtentry$$0000000D          0x00000152   Section        8  __rtentry2.o(.ARM.Collect$$rtentry$$0000000D)
    .ARM.Collect$$rtexit$$00000000           0x0000015a   Section        2  rtexit.o(.ARM.Collect$$rtexit$$00000000)
    .ARM.Collect$$rtexit$$00000002           0x0000015c   Section        0  rtexit2.o(.ARM.Collect$$rtexit$$00000002)
    .ARM.Collect$$rtexit$$00000003           0x0000015c   Section        4  rtexit2.o(.ARM.Collect$$rtexit$$00000003)
    .ARM.Collect$$rtexit$$00000004           0x00000160   Section        6  rtexit2.o(.ARM.Collect$$rtexit$$00000004)
    .emb_text                                0x00000168   Section       56  rt_memcpy.o(.emb_text)
    .text                                    0x000001a0   Section       64  startup_mkl25z4.o(.text)
    .text                                    0x000001e0   Section        0  rt_memcpy.o(.text)
    .text                                    0x00000262   Section        0  heapauxi.o(.text)
    .text                                    0x00000268   Section        0  init_aeabi.o(.text)
    .text                                    0x0000028c   Section       62  sys_stackheap_outer.o(.text)
    .text                                    0x000002ca   Section        0  exit.o(.text)
    .text                                    0x000002dc   Section        8  libspace.o(.text)
    .text                                    0x000002e4   Section        0  sys_exit.o(.text)
    .text                                    0x000002f0   Section        2  use_no_semi.o(.text)
    .text                                    0x000002f2   Section        0  indicate_semi.o(.text)
    i.SystemInit                             0x000002f4   Section        0  system_mkl25z4.o(i.SystemInit)
    i._Z14readLcdButtonsv                    0x00000300   Section        0  main.o(i._Z14readLcdButtonsv)
    i._Z17delayMicrosecondsj                 0x000003d8   Section        0  main.o(i._Z17delayMicrosecondsj)
    .init_array                              0x000003fc   Section        4  main.o(.init_array)
    .ARM.__at_0x400                          0x00000400   Section       16  startup_mkl25z4.o(.ARM.__at_0x400)
    .init_array                              0x00000400   Section        0  init_aeabi.o(.init_array)
    i._Z5delayj                              0x00000410   Section        0  main.o(i._Z5delayj)
    i._Z6redSeth                             0x00000438   Section        0  main.o(i._Z6redSeth)
    i._Z7blueSeth                            0x00000460   Section        0  main.o(i._Z7blueSeth)
    i._Z8greenSeth                           0x00000484   Section        0  main.o(i._Z8greenSeth)
    i._Z9pickColorccc                        0x000004ac   Section        0  main.o(i._Z9pickColorccc)
    i._ZN2io4readEv                          0x000004cc   Section        0  main.o(i._ZN2io4readEv)
    i._ZN4rectC1Ehhhh                        0x000004e8   Section        0  main.o(i._ZN4rectC1Ehhhh)
    i._ZN6buttonC1EP9GPIO_Typeh              0x000004fc   Section        0  main.o(i._ZN6buttonC1EP9GPIO_Typeh)
    i._ZN7Lcd610010LCDCommandEh              0x00000548   Section        0  main.o(i._ZN7Lcd610010LCDCommandEh)
    i._ZN7Lcd61004initEi                     0x000005e8   Section        0  main.o(i._ZN7Lcd61004initEi)
    i._ZN7Lcd61005clearEi                    0x000006d0   Section        0  main.o(i._ZN7Lcd61005clearEi)
    i._ZN7Lcd61006setStrEPciiii              0x00000754   Section        0  main.o(i._ZN7Lcd61006setStrEPciiii)
    i._ZN7Lcd61007LCDDataEh                  0x00000790   Section        0  main.o(i._ZN7Lcd61007LCDDataEh)
    i._ZN7Lcd61007setCharEciiii              0x00000830   Section        0  main.o(i._ZN7Lcd61007setCharEciiii)
    i._ZN7Lcd61007setLineEiiiii              0x00000944   Section        0  main.o(i._ZN7Lcd61007setLineEiiiii)
    i._ZN7Lcd61007setRectEiiiihi             0x000009fc   Section        0  main.o(i._ZN7Lcd61007setRectEiiiihi)
    i._ZN7Lcd61008setPixelEihh               0x00000a8c   Section        0  main.o(i._ZN7Lcd61008setPixelEihh)
    i.__sti___8_main_cpp_6720dcdb            0x00000b50   Section        0  main.o(i.__sti___8_main_cpp_6720dcdb)
    __sti___8_main_cpp_6720dcdb              0x00000b51   Thumb Code   144  main.o(i.__sti___8_main_cpp_6720dcdb)
    i.main                                   0x00000c00   Section        0  main.o(i.main)
    .constdata                               0x00000e2c   Section     1592  main.o(.constdata)
    PTs                                      0x00000e2c   Data          20  main.o(.constdata)
    PORTAE                                   0x00000e40   Data          20  main.o(.constdata)
    FONT8x16                                 0x00000e54   Data        1552  main.o(.constdata)
    .data                                    0x1ffff000   Section       14  main.o(.data)
    x_offset                                 0x1ffff00c   Data           1  main.o(.data)
    y_offset                                 0x1ffff00d   Data           1  main.o(.data)
    .bss                                     0x1ffff010   Section       84  main.o(.bss)
    .bss                                     0x1ffff064   Section       96  libspace.o(.bss)
    HEAP                                     0x1ffff0c8   Section        0  startup_mkl25z4.o(HEAP)
    STACK                                    0x1ffff0c8   Section      256  startup_mkl25z4.o(STACK)
    Heap_Mem                                 0x1ffff0c8   Data           0  startup_mkl25z4.o(HEAP)
    Stack_Mem                                0x1ffff0c8   Data         256  startup_mkl25z4.o(STACK)
    __initial_sp                             0x1ffff1c8   Data           0  startup_mkl25z4.o(STACK)

    Global Symbols

    Symbol Name                              Value     Ov Type        Size  Object(Section)

    BuildAttributes$$THM_ISAv3M$S$PE$A:L22$X:L11$S22$IEEE1$IW$USESV6$~STKCKD$USESV7$~SHL$OSPACE$ROPI$EBA8$UX$STANDARDLIB$REQ8$PRES8$EABIv2 0x00000000   Number         0  anon$$obj.o ABSOLUTE
    __ARM_use_no_argv                        0x00000000   Number         0  main.o ABSOLUTE
    __Vectors                                0x00000000   Data           4  startup_mkl25z4.o(RESET)
    __ARM_exceptions_init                     - Undefined Weak Reference
    __alloca_initialize                       - Undefined Weak Reference
    __arm_preinit_                            - Undefined Weak Reference
    __cxa_finalize                            - Undefined Weak Reference
    __rt_locale                               - Undefined Weak Reference
    __sigvec_lookup                           - Undefined Weak Reference
    _atexit_init                              - Undefined Weak Reference
    _call_atexit_fns                          - Undefined Weak Reference
    _clock_init                               - Undefined Weak Reference
    _fp_trap_init                             - Undefined Weak Reference
    _fp_trap_shutdown                         - Undefined Weak Reference
    _get_lc_collate                           - Undefined Weak Reference
    _get_lc_ctype                             - Undefined Weak Reference
    _get_lc_monetary                          - Undefined Weak Reference
    _get_lc_numeric                           - Undefined Weak Reference
    _get_lc_time                              - Undefined Weak Reference
    _getenv_init                              - Undefined Weak Reference
    _handle_redirection                       - Undefined Weak Reference
    _init_alloc                               - Undefined Weak Reference
    _init_user_alloc                          - Undefined Weak Reference
    _initio                                   - Undefined Weak Reference
    _rand_init                                - Undefined Weak Reference
    _signal_finish                            - Undefined Weak Reference
    _signal_init                              - Undefined Weak Reference
    _terminate_alloc                          - Undefined Weak Reference
    _terminate_user_alloc                     - Undefined Weak Reference
    _terminateio                              - Undefined Weak Reference
    __Vectors_End                            0x000000c0   Data           0  startup_mkl25z4.o(RESET)
    __Vectors_Size                           0x000000c0   Number         0  startup_mkl25z4.o ABSOLUTE
    __main                                   0x000000c1   Thumb Code     8  __main.o(!!!main)
    __scatterload                            0x000000c9   Thumb Code     0  __scatter.o(!!!scatter)
    __scatterload_rt2                        0x000000c9   Thumb Code    52  __scatter.o(!!!scatter)
    __scatterload_rt2_thumb_only             0x000000c9   Thumb Code     0  __scatter.o(!!!scatter)
    __scatterload_null                       0x000000d9   Thumb Code     0  __scatter.o(!!!scatter)
    __scatterload_copy                       0x00000105   Thumb Code    26  __scatter_copy.o(!!handler_copy)
    __scatterload_zeroinit                   0x00000121   Thumb Code    28  __scatter_zi.o(!!handler_zi)
    __rt_lib_init                            0x0000013d   Thumb Code     0  libinit.o(.ARM.Collect$$libinit$$00000000)
    __rt_lib_init_alloca_1                   0x0000013f   Thumb Code     0  libinit2.o(.ARM.Collect$$libinit$$0000002E)
    __rt_lib_init_argv_1                     0x0000013f   Thumb Code     0  libinit2.o(.ARM.Collect$$libinit$$0000002C)
    __rt_lib_init_atexit_1                   0x0000013f   Thumb Code     0  libinit2.o(.ARM.Collect$$libinit$$0000001B)
    __rt_lib_init_clock_1                    0x0000013f   Thumb Code     0  libinit2.o(.ARM.Collect$$libinit$$00000021)
    __rt_lib_init_cpp_2                      0x0000013f   Thumb Code     0  libinit2.o(.ARM.Collect$$libinit$$00000031)
    __rt_lib_init_exceptions_1               0x0000013f   Thumb Code     0  libinit2.o(.ARM.Collect$$libinit$$00000030)
    __rt_lib_init_fp_1                       0x0000013f   Thumb Code     0  libinit2.o(.ARM.Collect$$libinit$$00000002)
    __rt_lib_init_fp_trap_1                  0x0000013f   Thumb Code     0  libinit2.o(.ARM.Collect$$libinit$$0000001F)
    __rt_lib_init_getenv_1                   0x0000013f   Thumb Code     0  libinit2.o(.ARM.Collect$$libinit$$00000023)
    __rt_lib_init_heap_1                     0x0000013f   Thumb Code     0  libinit2.o(.ARM.Collect$$libinit$$0000000A)
    __rt_lib_init_lc_collate_1               0x0000013f   Thumb Code     0  libinit2.o(.ARM.Collect$$libinit$$00000011)
    __rt_lib_init_lc_ctype_1                 0x0000013f   Thumb Code     0  libinit2.o(.ARM.Collect$$libinit$$00000013)
    __rt_lib_init_lc_monetary_1              0x0000013f   Thumb Code     0  libinit2.o(.ARM.Collect$$libinit$$00000015)
    __rt_lib_init_lc_numeric_1               0x0000013f   Thumb Code     0  libinit2.o(.ARM.Collect$$libinit$$00000017)
    __rt_lib_init_lc_time_1                  0x0000013f   Thumb Code     0  libinit2.o(.ARM.Collect$$libinit$$00000019)
    __rt_lib_init_preinit_1                  0x0000013f   Thumb Code     0  libinit2.o(.ARM.Collect$$libinit$$00000004)
    __rt_lib_init_rand_1                     0x0000013f   Thumb Code     0  libinit2.o(.ARM.Collect$$libinit$$0000000E)
    __rt_lib_init_signal_1                   0x0000013f   Thumb Code     0  libinit2.o(.ARM.Collect$$libinit$$0000001D)
    __rt_lib_init_stdio_1                    0x0000013f   Thumb Code     0  libinit2.o(.ARM.Collect$$libinit$$00000025)
    __rt_lib_init_user_alloc_1               0x0000013f   Thumb Code     0  libinit2.o(.ARM.Collect$$libinit$$0000000C)
    __rt_lib_init_cpp_1                      0x00000143   Thumb Code     0  libinit2.o(.ARM.Collect$$libinit$$00000032)
    __rt_lib_init_return                     0x00000143   Thumb Code     0  libinit2.o(.ARM.Collect$$libinit$$00000033)
    __rt_lib_shutdown                        0x00000145   Thumb Code     0  libshutdown.o(.ARM.Collect$$libshutdown$$00000000)
    __rt_lib_shutdown_cpp_1                  0x00000147   Thumb Code     0  libshutdown2.o(.ARM.Collect$$libshutdown$$00000002)
    __rt_lib_shutdown_fp_trap_1              0x00000147   Thumb Code     0  libshutdown2.o(.ARM.Collect$$libshutdown$$00000007)
    __rt_lib_shutdown_heap_1                 0x00000147   Thumb Code     0  libshutdown2.o(.ARM.Collect$$libshutdown$$0000000F)
    __rt_lib_shutdown_return                 0x00000147   Thumb Code     0  libshutdown2.o(.ARM.Collect$$libshutdown$$00000010)
    __rt_lib_shutdown_signal_1               0x00000147   Thumb Code     0  libshutdown2.o(.ARM.Collect$$libshutdown$$0000000A)
    __rt_lib_shutdown_stdio_1                0x00000147   Thumb Code     0  libshutdown2.o(.ARM.Collect$$libshutdown$$00000004)
    __rt_lib_shutdown_user_alloc_1           0x00000147   Thumb Code     0  libshutdown2.o(.ARM.Collect$$libshutdown$$0000000C)
    __rt_entry                               0x00000149   Thumb Code     0  __rtentry.o(.ARM.Collect$$rtentry$$00000000)
    __rt_entry_presh_1                       0x00000149   Thumb Code     0  __rtentry2.o(.ARM.Collect$$rtentry$$00000002)
    __rt_entry_sh                            0x00000149   Thumb Code     0  __rtentry4.o(.ARM.Collect$$rtentry$$00000004)
    __rt_entry_li                            0x0000014f   Thumb Code     0  __rtentry2.o(.ARM.Collect$$rtentry$$0000000A)
    __rt_entry_postsh_1                      0x0000014f   Thumb Code     0  __rtentry2.o(.ARM.Collect$$rtentry$$00000009)
    __rt_entry_main                          0x00000153   Thumb Code     0  __rtentry2.o(.ARM.Collect$$rtentry$$0000000D)
    __rt_entry_postli_1                      0x00000153   Thumb Code     0  __rtentry2.o(.ARM.Collect$$rtentry$$0000000C)
    __rt_exit                                0x0000015b   Thumb Code     0  rtexit.o(.ARM.Collect$$rtexit$$00000000)
    __rt_exit_ls                             0x0000015d   Thumb Code     0  rtexit2.o(.ARM.Collect$$rtexit$$00000003)
    __rt_exit_prels_1                        0x0000015d   Thumb Code     0  rtexit2.o(.ARM.Collect$$rtexit$$00000002)
    __rt_exit_exit                           0x00000161   Thumb Code     0  rtexit2.o(.ARM.Collect$$rtexit$$00000004)
    __aeabi_memcpy4                          0x00000169   Thumb Code    56  rt_memcpy.o(.emb_text)
    __aeabi_memcpy8                          0x00000169   Thumb Code     0  rt_memcpy.o(.emb_text)
    Reset_Handler                            0x000001a1   Thumb Code    12  startup_mkl25z4.o(.text)
    NMI_Handler                              0x000001ad   Thumb Code     2  startup_mkl25z4.o(.text)
    HardFault_Handler                        0x000001af   Thumb Code     2  startup_mkl25z4.o(.text)
    SVC_Handler                              0x000001b1   Thumb Code     2  startup_mkl25z4.o(.text)
    PendSV_Handler                           0x000001b3   Thumb Code     2  startup_mkl25z4.o(.text)
    SysTick_Handler                          0x000001b5   Thumb Code     2  startup_mkl25z4.o(.text)
    ADC0_IRQHandler                          0x000001b7   Thumb Code     0  startup_mkl25z4.o(.text)
    CMP0_IRQHandler                          0x000001b7   Thumb Code     0  startup_mkl25z4.o(.text)
    DAC0_IRQHandler                          0x000001b7   Thumb Code     0  startup_mkl25z4.o(.text)
    DMA0_IRQHandler                          0x000001b7   Thumb Code     0  startup_mkl25z4.o(.text)
    DMA1_IRQHandler                          0x000001b7   Thumb Code     0  startup_mkl25z4.o(.text)
    DMA2_IRQHandler                          0x000001b7   Thumb Code     0  startup_mkl25z4.o(.text)
    DMA3_IRQHandler                          0x000001b7   Thumb Code     0  startup_mkl25z4.o(.text)
    DefaultISR                               0x000001b7   Thumb Code     0  startup_mkl25z4.o(.text)
    FTFA_IRQHandler                          0x000001b7   Thumb Code     0  startup_mkl25z4.o(.text)
    I2C0_IRQHandler                          0x000001b7   Thumb Code     0  startup_mkl25z4.o(.text)
    I2C1_IRQHandler                          0x000001b7   Thumb Code     0  startup_mkl25z4.o(.text)
    LLWU_IRQHandler                          0x000001b7   Thumb Code     0  startup_mkl25z4.o(.text)
    LPTMR0_IRQHandler                        0x000001b7   Thumb Code     0  startup_mkl25z4.o(.text)
    LVD_LVW_IRQHandler                       0x000001b7   Thumb Code     0  startup_mkl25z4.o(.text)
    MCG_IRQHandler                           0x000001b7   Thumb Code     0  startup_mkl25z4.o(.text)
    PIT_IRQHandler                           0x000001b7   Thumb Code     0  startup_mkl25z4.o(.text)
    PORTA_IRQHandler                         0x000001b7   Thumb Code     0  startup_mkl25z4.o(.text)
    PORTD_IRQHandler                         0x000001b7   Thumb Code     0  startup_mkl25z4.o(.text)
    RTC_IRQHandler                           0x000001b7   Thumb Code     0  startup_mkl25z4.o(.text)
    RTC_Seconds_IRQHandler                   0x000001b7   Thumb Code     0  startup_mkl25z4.o(.text)
    Reserved20_IRQHandler                    0x000001b7   Thumb Code     0  startup_mkl25z4.o(.text)
    Reserved39_IRQHandler                    0x000001b7   Thumb Code     0  startup_mkl25z4.o(.text)
    Reserved45_IRQHandler                    0x000001b7   Thumb Code     0  startup_mkl25z4.o(.text)
    SPI0_IRQHandler                          0x000001b7   Thumb Code     0  startup_mkl25z4.o(.text)
    SPI1_IRQHandler                          0x000001b7   Thumb Code     0  startup_mkl25z4.o(.text)
    TPM0_IRQHandler                          0x000001b7   Thumb Code     0  startup_mkl25z4.o(.text)
    TPM1_IRQHandler                          0x000001b7   Thumb Code     0  startup_mkl25z4.o(.text)
    TPM2_IRQHandler                          0x000001b7   Thumb Code     0  startup_mkl25z4.o(.text)
    TSI0_IRQHandler                          0x000001b7   Thumb Code     0  startup_mkl25z4.o(.text)
    UART0_IRQHandler                         0x000001b7   Thumb Code     0  startup_mkl25z4.o(.text)
    UART1_IRQHandler                         0x000001b7   Thumb Code     0  startup_mkl25z4.o(.text)
    UART2_IRQHandler                         0x000001b7   Thumb Code     0  startup_mkl25z4.o(.text)
    USB0_IRQHandler                          0x000001b7   Thumb Code     0  startup_mkl25z4.o(.text)
    __user_initial_stackheap                 0x000001bd   Thumb Code     0  startup_mkl25z4.o(.text)
    __aeabi_memcpy                           0x000001e1   Thumb Code   130  rt_memcpy.o(.text)
    __rt_memcpy                              0x000001e1   Thumb Code     0  rt_memcpy.o(.text)
    __use_two_region_memory                  0x00000263   Thumb Code     2  heapauxi.o(.text)
    __rt_heap_escrow$2region                 0x00000265   Thumb Code     2  heapauxi.o(.text)
    __rt_heap_expand$2region                 0x00000267   Thumb Code     2  heapauxi.o(.text)
    __cpp_initialize__aeabi_                 0x00000269   Thumb Code    26  init_aeabi.o(.text)
    __user_setup_stackheap                   0x0000028d   Thumb Code    62  sys_stackheap_outer.o(.text)
    exit                                     0x000002cb   Thumb Code    16  exit.o(.text)
    __user_libspace                          0x000002dd   Thumb Code     8  libspace.o(.text)
    __user_perproc_libspace                  0x000002dd   Thumb Code     0  libspace.o(.text)
    __user_perthread_libspace                0x000002dd   Thumb Code     0  libspace.o(.text)
    _sys_exit                                0x000002e5   Thumb Code     8  sys_exit.o(.text)
    __I$use$semihosting                      0x000002f1   Thumb Code     0  use_no_semi.o(.text)
    __use_no_semihosting_swi                 0x000002f1   Thumb Code     2  use_no_semi.o(.text)
    __semihosting_library_function           0x000002f3   Thumb Code     0  indicate_semi.o(.text)
    SystemInit                               0x000002f5   Thumb Code     8  system_mkl25z4.o(i.SystemInit)
    readLcdButtons()                         0x00000301   Thumb Code   188  main.o(i._Z14readLcdButtonsv)
    delayMicroseconds(unsigned)              0x000003d9   Thumb Code    36  main.o(i._Z17delayMicrosecondsj)
    SHT$$INIT_ARRAY$$Base                    0x000003fc   Number         0  main.o(.init_array)
    SHT$$INIT_ARRAY$$Limit                   0x00000400   Number         0  init_aeabi.o(.init_array)
    delay(unsigned)                          0x00000411   Thumb Code    38  main.o(i._Z5delayj)
    redSet(unsigned char)                    0x00000439   Thumb Code    36  main.o(i._Z6redSeth)
    blueSet(unsigned char)                   0x00000461   Thumb Code    32  main.o(i._Z7blueSeth)
    greenSet(unsigned char)                  0x00000485   Thumb Code    36  main.o(i._Z8greenSeth)
    pickColor(char, char, char)              0x000004ad   Thumb Code    26  main.o(i._Z9pickColorccc)
    io::read()                               0x000004cd   Thumb Code    28  main.o(i._ZN2io4readEv)
    rect::rect(unsigned char, unsigned char, unsigned char, unsigned char) 0x000004e9   Thumb Code    18  main.o(i._ZN4rectC1Ehhhh)
    rect::rect__sub_object(unsigned char, unsigned char, unsigned char, unsigned char) 0x000004e9   Thumb Code     0  main.o(i._ZN4rectC1Ehhhh)
    button::button(GPIO_Type*, unsigned char) 0x000004fd   Thumb Code    70  main.o(i._ZN6buttonC1EP9GPIO_Typeh)
    button::button__sub_object(GPIO_Type*, unsigned char) 0x000004fd   Thumb Code     0  main.o(i._ZN6buttonC1EP9GPIO_Typeh)
    Lcd6100::LCDCommand(unsigned char)       0x00000549   Thumb Code   154  main.o(i._ZN7Lcd610010LCDCommandEh)
    Lcd6100::init(int)                       0x000005e9   Thumb Code   228  main.o(i._ZN7Lcd61004initEi)
    Lcd6100::clear(int)                      0x000006d1   Thumb Code   118  main.o(i._ZN7Lcd61005clearEi)
    Lcd6100::setStr(char*, int, int, int, int) 0x00000755   Thumb Code    58  main.o(i._ZN7Lcd61006setStrEPciiii)
    Lcd6100::LCDData(unsigned char)          0x00000791   Thumb Code   154  main.o(i._ZN7Lcd61007LCDDataEh)
    Lcd6100::setChar(char, int, int, int, int) 0x00000831   Thumb Code   270  main.o(i._ZN7Lcd61007setCharEciiii)
    Lcd6100::setLine(int, int, int, int, int) 0x00000945   Thumb Code   184  main.o(i._ZN7Lcd61007setLineEiiiii)
    Lcd6100::setRect(int, int, int, int, unsigned char, int) 0x000009fd   Thumb Code   144  main.o(i._ZN7Lcd61007setRectEiiiihi)
    Lcd6100::setPixel(int, unsigned char, unsigned char) 0x00000a8d   Thumb Code   196  main.o(i._ZN7Lcd61008setPixelEihh)
    main                                     0x00000c01   Thumb Code   516  main.o(i.main)
    Region$$Table$$Base                      0x00001464   Number         0  anon$$obj.o(Region$$Table)
    Region$$Table$$Limit                     0x00001484   Number         0  anon$$obj.o(Region$$Table)
    s1                                       0x1ffff000   Data           4  main.o(.data)
    s2                                       0x1ffff004   Data           4  main.o(.data)
    s3                                       0x1ffff008   Data           4  main.o(.data)
    S1                                       0x1ffff010   Data          24  main.o(.bss)
    S2                                       0x1ffff028   Data          24  main.o(.bss)
    S3                                       0x1ffff040   Data          24  main.o(.bss)
    lcd                                      0x1ffff058   Data          12  main.o(.bss)
    __libspace_start                         0x1ffff064   Data          96  libspace.o(.bss)
    __temporary_stack_top$libspace           0x1ffff0c4   Data           0  libspace.o(.bss)



==============================================================================

Memory Map of the image

  Image Entry point : 0x000001a1

  Load Region LR_1 (Base: 0x00000000, Size: 0x00001494, Max: 0xffffffff, ABSOLUTE)

    Execution Region ER_RO (Base: 0x00000000, Size: 0x00001484, Max: 0xffffffff, ABSOLUTE)

    Base Addr    Size         Type   Attr      Idx    E Section Name        Object

    0x00000000   0x000000c0   Data   RO          255    RESET               startup_mkl25z4.o
    0x000000c0   0x00000008   Code   RO          328  * !!!main             c_p.l(__main.o)
    0x000000c8   0x0000003c   Code   RO          503    !!!scatter          c_p.l(__scatter.o)
    0x00000104   0x0000001a   Code   RO          505    !!handler_copy      c_p.l(__scatter_copy.o)
    0x0000011e   0x00000002   PAD
    0x00000120   0x0000001c   Code   RO          507    !!handler_zi        c_p.l(__scatter_zi.o)
    0x0000013c   0x00000002   Code   RO          425    .ARM.Collect$$libinit$$00000000  c_p.l(libinit.o)
    0x0000013e   0x00000000   Code   RO          342    .ARM.Collect$$libinit$$00000002  c_p.l(libinit2.o)
    0x0000013e   0x00000000   Code   RO          344    .ARM.Collect$$libinit$$00000004  c_p.l(libinit2.o)
    0x0000013e   0x00000000   Code   RO          347    .ARM.Collect$$libinit$$0000000A  c_p.l(libinit2.o)
    0x0000013e   0x00000000   Code   RO          349    .ARM.Collect$$libinit$$0000000C  c_p.l(libinit2.o)
    0x0000013e   0x00000000   Code   RO          351    .ARM.Collect$$libinit$$0000000E  c_p.l(libinit2.o)
    0x0000013e   0x00000000   Code   RO          354    .ARM.Collect$$libinit$$00000011  c_p.l(libinit2.o)
    0x0000013e   0x00000000   Code   RO          356    .ARM.Collect$$libinit$$00000013  c_p.l(libinit2.o)
    0x0000013e   0x00000000   Code   RO          358    .ARM.Collect$$libinit$$00000015  c_p.l(libinit2.o)
    0x0000013e   0x00000000   Code   RO          360    .ARM.Collect$$libinit$$00000017  c_p.l(libinit2.o)
    0x0000013e   0x00000000   Code   RO          362    .ARM.Collect$$libinit$$00000019  c_p.l(libinit2.o)
    0x0000013e   0x00000000   Code   RO          364    .ARM.Collect$$libinit$$0000001B  c_p.l(libinit2.o)
    0x0000013e   0x00000000   Code   RO          366    .ARM.Collect$$libinit$$0000001D  c_p.l(libinit2.o)
    0x0000013e   0x00000000   Code   RO          368    .ARM.Collect$$libinit$$0000001F  c_p.l(libinit2.o)
    0x0000013e   0x00000000   Code   RO          370    .ARM.Collect$$libinit$$00000021  c_p.l(libinit2.o)
    0x0000013e   0x00000000   Code   RO          372    .ARM.Collect$$libinit$$00000023  c_p.l(libinit2.o)
    0x0000013e   0x00000000   Code   RO          374    .ARM.Collect$$libinit$$00000025  c_p.l(libinit2.o)
    0x0000013e   0x00000000   Code   RO          378    .ARM.Collect$$libinit$$0000002C  c_p.l(libinit2.o)
    0x0000013e   0x00000000   Code   RO          380    .ARM.Collect$$libinit$$0000002E  c_p.l(libinit2.o)
    0x0000013e   0x00000000   Code   RO          382    .ARM.Collect$$libinit$$00000030  c_p.l(libinit2.o)
    0x0000013e   0x00000004   Code   RO          383    .ARM.Collect$$libinit$$00000031  c_p.l(libinit2.o)
    0x00000142   0x00000000   Code   RO          384    .ARM.Collect$$libinit$$00000032  c_p.l(libinit2.o)
    0x00000142   0x00000002   Code   RO          385    .ARM.Collect$$libinit$$00000033  c_p.l(libinit2.o)
    0x00000144   0x00000002   Code   RO          470    .ARM.Collect$$libshutdown$$00000000  c_p.l(libshutdown.o)
    0x00000146   0x00000000   Code   RO          486    .ARM.Collect$$libshutdown$$00000002  c_p.l(libshutdown2.o)
    0x00000146   0x00000000   Code   RO          488    .ARM.Collect$$libshutdown$$00000004  c_p.l(libshutdown2.o)
    0x00000146   0x00000000   Code   RO          491    .ARM.Collect$$libshutdown$$00000007  c_p.l(libshutdown2.o)
    0x00000146   0x00000000   Code   RO          494    .ARM.Collect$$libshutdown$$0000000A  c_p.l(libshutdown2.o)
    0x00000146   0x00000000   Code   RO          496    .ARM.Collect$$libshutdown$$0000000C  c_p.l(libshutdown2.o)
    0x00000146   0x00000000   Code   RO          499    .ARM.Collect$$libshutdown$$0000000F  c_p.l(libshutdown2.o)
    0x00000146   0x00000002   Code   RO          500    .ARM.Collect$$libshutdown$$00000010  c_p.l(libshutdown2.o)
    0x00000148   0x00000000   Code   RO          336    .ARM.Collect$$rtentry$$00000000  c_p.l(__rtentry.o)
    0x00000148   0x00000000   Code   RO          387    .ARM.Collect$$rtentry$$00000002  c_p.l(__rtentry2.o)
    0x00000148   0x00000006   Code   RO          399    .ARM.Collect$$rtentry$$00000004  c_p.l(__rtentry4.o)
    0x0000014e   0x00000000   Code   RO          389    .ARM.Collect$$rtentry$$00000009  c_p.l(__rtentry2.o)
    0x0000014e   0x00000004   Code   RO          390    .ARM.Collect$$rtentry$$0000000A  c_p.l(__rtentry2.o)
    0x00000152   0x00000000   Code   RO          392    .ARM.Collect$$rtentry$$0000000C  c_p.l(__rtentry2.o)
    0x00000152   0x00000008   Code   RO          393    .ARM.Collect$$rtentry$$0000000D  c_p.l(__rtentry2.o)
    0x0000015a   0x00000002   Code   RO          432    .ARM.Collect$$rtexit$$00000000  c_p.l(rtexit.o)
    0x0000015c   0x00000000   Code   RO          452    .ARM.Collect$$rtexit$$00000002  c_p.l(rtexit2.o)
    0x0000015c   0x00000004   Code   RO          453    .ARM.Collect$$rtexit$$00000003  c_p.l(rtexit2.o)
    0x00000160   0x00000006   Code   RO          454    .ARM.Collect$$rtexit$$00000004  c_p.l(rtexit2.o)
    0x00000166   0x00000002   PAD
    0x00000168   0x00000038   Code   RO          318    .emb_text           c_p.l(rt_memcpy.o)
    0x000001a0   0x00000040   Code   RO          257  * .text               startup_mkl25z4.o
    0x000001e0   0x00000082   Code   RO          319    .text               c_p.l(rt_memcpy.o)
    0x00000262   0x00000006   Code   RO          326    .text               c_p.l(heapauxi.o)
    0x00000268   0x00000024   Code   RO          333    .text               c_p.l(init_aeabi.o)
    0x0000028c   0x0000003e   Code   RO          407    .text               c_p.l(sys_stackheap_outer.o)
    0x000002ca   0x00000010   Code   RO          410    .text               c_p.l(exit.o)
    0x000002da   0x00000002   PAD
    0x000002dc   0x00000008   Code   RO          428    .text               c_p.l(libspace.o)
    0x000002e4   0x0000000c   Code   RO          446    .text               c_p.l(sys_exit.o)
    0x000002f0   0x00000002   Code   RO          448    .text               c_p.l(use_no_semi.o)
    0x000002f2   0x00000000   Code   RO          450    .text               c_p.l(indicate_semi.o)
    0x000002f2   0x00000002   PAD
    0x000002f4   0x0000000c   Code   RO          266    i.SystemInit        system_mkl25z4.o
    0x00000300   0x000000d8   Code   RO            3    i._Z14readLcdButtonsv  main.o
    0x000003d8   0x00000024   Code   RO            4    i._Z17delayMicrosecondsj  main.o
    0x000003fc   0x00000004   Data   RO           56    .init_array         main.o
    0x00000400   0x00000000   Data   RO          331    .init_array         c_p.l(init_aeabi.o)
    0x00000400   0x00000010   Code   RO          256    .ARM.__at_0x400     startup_mkl25z4.o
    0x00000410   0x00000026   Code   RO            6    i._Z5delayj         main.o
    0x00000436   0x00000002   PAD
    0x00000438   0x00000028   Code   RO            9    i._Z6redSeth        main.o
    0x00000460   0x00000024   Code   RO           10    i._Z7blueSeth       main.o
    0x00000484   0x00000028   Code   RO           12    i._Z8greenSeth      main.o
    0x000004ac   0x00000020   Code   RO           13    i._Z9pickColorccc   main.o
    0x000004cc   0x0000001c   Code   RO          178    i._ZN2io4readEv     main.o
    0x000004e8   0x00000012   Code   RO          184    i._ZN4rectC1Ehhhh   main.o
    0x000004fa   0x00000002   PAD
    0x000004fc   0x0000004c   Code   RO          190    i._ZN6buttonC1EP9GPIO_Typeh  main.o
    0x00000548   0x000000a0   Code   RO           15    i._ZN7Lcd610010LCDCommandEh  main.o
    0x000005e8   0x000000e8   Code   RO           16    i._ZN7Lcd61004initEi  main.o
    0x000006d0   0x00000084   Code   RO           18    i._ZN7Lcd61005clearEi  main.o
    0x00000754   0x0000003a   Code   RO           19    i._ZN7Lcd61006setStrEPciiii  main.o
    0x0000078e   0x00000002   PAD
    0x00000790   0x000000a0   Code   RO           20    i._ZN7Lcd61007LCDDataEh  main.o
    0x00000830   0x00000114   Code   RO           21    i._ZN7Lcd61007setCharEciiii  main.o
    0x00000944   0x000000b8   Code   RO           22    i._ZN7Lcd61007setLineEiiiii  main.o
    0x000009fc   0x00000090   Code   RO           23    i._ZN7Lcd61007setRectEiiiihi  main.o
    0x00000a8c   0x000000c4   Code   RO           24    i._ZN7Lcd61008setPixelEihh  main.o
    0x00000b50   0x000000b0   Code   RO           26    i.__sti___8_main_cpp_6720dcdb  main.o
    0x00000c00   0x0000022c   Code   RO           27    i.main              main.o
    0x00000e2c   0x00000638   Data   RO           54    .constdata          main.o
    0x00001464   0x00000020   Data   RO          501    Region$$Table       anon$$obj.o


    Execution Region ER_RW (Base: 0x1ffff000, Size: 0x00000010, Max: 0xffffffff, ABSOLUTE)

    Base Addr    Size         Type   Attr      Idx    E Section Name        Object

    0x1ffff000   0x0000000e   Data   RW           55    .data               main.o


    Execution Region ER_ZI (Base: 0x1ffff010, Size: 0x000001b8, Max: 0xffffffff, ABSOLUTE)

    Base Addr    Size         Type   Attr      Idx    E Section Name        Object

    0x1ffff010   0x00000054   Zero   RW           53    .bss                main.o
    0x1ffff064   0x00000060   Zero   RW          429    .bss                c_p.l(libspace.o)
    0x1ffff0c4   0x00000004   PAD
    0x1ffff0c8   0x00000000   Zero   RW          254    HEAP                startup_mkl25z4.o
    0x1ffff0c8   0x00000100   Zero   RW          253    STACK               startup_mkl25z4.o


==============================================================================

Image component sizes


      Code (inc. data)   RO Data    RW Data    ZI Data      Debug   Object Name

      2834        160       1596         14         84     234318   main.o
        80         44        192          0        256        900   startup_mkl25z4.o
        12          4          0          0          0       1897   system_mkl25z4.o

    ----------------------------------------------------------------------
      2932        208       1820         16        340     237115   Object Totals
         0          0         32          0          0          0   (incl. Generated)
         6          0          0          2          0          0   (incl. Padding)

    ----------------------------------------------------------------------

      Code (inc. data)   RO Data    RW Data    ZI Data      Debug   Library Member Name

         8          0          0          0          0         68   __main.o
         0          0          0          0          0          0   __rtentry.o
        12          0          0          0          0          0   __rtentry2.o
         6          0          0          0          0          0   __rtentry4.o
        60          8          0          0          0          0   __scatter.o
        26          0          0          0          0          0   __scatter_copy.o
        28          0          0          0          0          0   __scatter_zi.o
        16          0          0          0          0         68   exit.o
         6          0          0          0          0        136   heapauxi.o
         0          0          0          0          0          0   indicate_semi.o
        36         10          0          0          0         72   init_aeabi.o
         2          0          0          0          0          0   libinit.o
         6          0          0          0          0          0   libinit2.o
         2          0          0          0          0          0   libshutdown.o
         2          0          0          0          0          0   libshutdown2.o
         8          4          0          0         96         68   libspace.o
       186          0          0          0          0        144   rt_memcpy.o
         2          0          0          0          0          0   rtexit.o
        10          0          0          0          0          0   rtexit2.o
        12          4          0          0          0         60   sys_exit.o
        62          0          0          0          0         80   sys_stackheap_outer.o
         2          0          0          0          0         68   use_no_semi.o

    ----------------------------------------------------------------------
       500         26          0          0        100        764   Library Totals
         8          0          0          0          4          0   (incl. Padding)

    ----------------------------------------------------------------------

      Code (inc. data)   RO Data    RW Data    ZI Data      Debug   Library Name

       492         26          0          0         96        764   c_p.l

    ----------------------------------------------------------------------
       500         26          0          0        100        764   Library Totals

    ----------------------------------------------------------------------

==============================================================================


      Code (inc. data)   RO Data    RW Data    ZI Data      Debug   

      3432        234       1820         16        440     236767   Grand Totals
      3432        234       1820         16        440     236767   ELF Image Totals
      3432        234       1820         16          0          0   ROM Totals

==============================================================================

    Total RO  Size (Code + RO Data)                 5252 (   5.13kB)
    Total RW  Size (RW Data + ZI Data)               456 (   0.45kB)
    Total ROM Size (Code + RO Data + RW Data)       5268 (   5.14kB)

==============================================================================

