Component: ARM Compiler 5.06 update 1 (build 61) Tool: armlink [4d35a8]

==============================================================================

Section Cross References

    main.o(i._Z14readLcdButtonsv) refers to main.o(i._ZN2io4readEv) for io::read()
    main.o(i._Z14readLcdButtonsv) refers to main.o(i._Z9pickColorccc) for pickColor(char, char, char)
    main.o(i._Z14readLcdButtonsv) refers to memcpya.o(.text) for __aeabi_memcpy
    main.o(i._Z14readLcdButtonsv) refers to main.o(i._ZN7Lcd61007setRectEiiiihi) for Lcd6100::setRect(int, int, int, int, unsigned char, int)
    main.o(i._Z14readLcdButtonsv) refers to main.o(.bss) for S1
    main.o(i._Z14readLcdButtonsv) refers to main.o(.data) for s1
    main.o(i._Z8get_porth) refers to main.o(.constdata) for PTs
    main.o(i._ZN2io10enableGPIOEv) refers to main.o(.constdata) for PORTAE
    main.o(i._ZN7Lcd610010LCDCommandEh) refers to main.o(i._Z17delayMicrosecondsj) for delayMicroseconds(unsigned)
    main.o(i._ZN7Lcd61004initEi) refers to main.o(i._Z5delayj) for delay(unsigned)
    main.o(i._ZN7Lcd61004initEi) refers to main.o(i._Z17delayMicrosecondsj) for delayMicroseconds(unsigned)
    main.o(i._ZN7Lcd61004initEi) refers to main.o(i._ZN7Lcd610010LCDCommandEh) for Lcd6100::LCDCommand(unsigned char)
    main.o(i._ZN7Lcd61004initEi) refers to main.o(i._ZN7Lcd61007LCDDataEh) for Lcd6100::LCDData(unsigned char)
    main.o(i._ZN7Lcd61004initEv) refers to main.o(i._ZN7Lcd61004initEi) for Lcd6100::init(int)
    main.o(i._ZN7Lcd61005clearEi) refers to main.o(i._ZN7Lcd610010LCDCommandEh) for Lcd6100::LCDCommand(unsigned char)
    main.o(i._ZN7Lcd61005clearEi) refers to main.o(i._ZN7Lcd61007LCDDataEh) for Lcd6100::LCDData(unsigned char)
    main.o(i._ZN7Lcd61005clearEi) refers to main.o(.data) for x_offset
    main.o(i._ZN7Lcd61006setStrEPciiii) refers to main.o(i._ZN7Lcd61007setCharEciiii) for Lcd6100::setChar(char, int, int, int, int)
    main.o(i._ZN7Lcd61007LCDDataEh) refers to main.o(i._Z17delayMicrosecondsj) for delayMicroseconds(unsigned)
    main.o(i._ZN7Lcd61007setCharEciiii) refers to main.o(i._ZN7Lcd610010LCDCommandEh) for Lcd6100::LCDCommand(unsigned char)
    main.o(i._ZN7Lcd61007setCharEciiii) refers to main.o(i._ZN7Lcd61007LCDDataEh) for Lcd6100::LCDData(unsigned char)
    main.o(i._ZN7Lcd61007setCharEciiii) refers to main.o(.constdata) for FONT8x16
    main.o(i._ZN7Lcd61007setLineEiiiii) refers to main.o(i._ZN7Lcd61008setPixelEihh) for Lcd6100::setPixel(int, unsigned char, unsigned char)
    main.o(i._ZN7Lcd61007setRectEiiiihi) refers to main.o(i._ZN7Lcd61007setLineEiiiii) for Lcd6100::setLine(int, int, int, int, int)
    main.o(i._ZN7Lcd61008setPixelEihh) refers to main.o(i._ZN7Lcd610010LCDCommandEh) for Lcd6100::LCDCommand(unsigned char)
    main.o(i._ZN7Lcd61008setPixelEihh) refers to main.o(i._ZN7Lcd61007LCDDataEh) for Lcd6100::LCDData(unsigned char)
    main.o(i._ZN7Lcd61009setCircleEiiii) refers to main.o(i._ZN7Lcd61008setPixelEihh) for Lcd6100::setPixel(int, unsigned char, unsigned char)
    main.o(i.__sti___8_main_cpp_6720dcdb) refers to main.o(i._ZN4rectC1Ehhhh) for rect::rect(unsigned char, unsigned char, unsigned char, unsigned char)
    main.o(i.__sti___8_main_cpp_6720dcdb) refers to main.o(i._ZN6buttonC1EP9GPIO_Typeh) for button::button(GPIO_Type*, unsigned char)
    main.o(i.__sti___8_main_cpp_6720dcdb) refers to main.o(.data) for s1
    main.o(i.__sti___8_main_cpp_6720dcdb) refers to main.o(.bss) for S1
    main.o(i.main) refers to main.o(i._ZN7Lcd61004initEi) for Lcd6100::init(int)
    main.o(i.main) refers to main.o(i._ZN7Lcd61005clearEi) for Lcd6100::clear(int)
    main.o(i.main) refers to main.o(i._Z6redSeth) for redSet(unsigned char)
    main.o(i.main) refers to main.o(i._Z8greenSeth) for greenSet(unsigned char)
    main.o(i.main) refers to main.o(i._Z7blueSeth) for blueSet(unsigned char)
    main.o(i.main) refers to main.o(i._Z5delayj) for delay(unsigned)
    main.o(i.main) refers to main.o(i._ZN7Lcd61006setStrEPciiii) for Lcd6100::setStr(char*, int, int, int, int)
    main.o(i.main) refers to main.o(i._Z14readLcdButtonsv) for readLcdButtons()
    main.o(i.main) refers to main.o(.bss) for lcd
    main.o(.ARM.exidx) refers to main.o(i._Z17delayMicrosecondsj) for i._Z17delayMicrosecondsj
    main.o(.ARM.exidx) refers to main.o(i._Z5delayj) for i._Z5delayj
    main.o(.ARM.exidx) refers to main.o(i._Z8get_porth) for i._Z8get_porth
    main.o(.ARM.exidx) refers to main.o(i._Z3posh) for i._Z3posh
    main.o(.ARM.exidx) refers to main.o(i._Z6redSeth) for i._Z6redSeth
    main.o(.ARM.exidx) refers to main.o(i._Z7blueSeth) for i._Z7blueSeth
    main.o(.ARM.exidx) refers to main.o(i._Z8greenSeth) for i._Z8greenSeth
    main.o(.ARM.exidx) refers to main.o(i._Z6ledOffv) for i._Z6ledOffv
    main.o(.ARM.exidx) refers to main.o(i._Z9pickColorccc) for i._Z9pickColorccc
    main.o(.ARM.exidx) refers to main.o(i._Z6getRGBccc) for i._Z6getRGBccc
    main.o(.ARM.exidx) refers to main.o(i._ZN7Lcd61007LCDDataEh) for i._ZN7Lcd61007LCDDataEh
    main.o(.ARM.exidx) refers to main.o(i._ZN7Lcd610010LCDCommandEh) for i._ZN7Lcd610010LCDCommandEh
    main.o(.ARM.exidx) refers to main.o(i._ZN7Lcd61008setPixelEihh) for i._ZN7Lcd61008setPixelEihh
    main.o(.ARM.exidx) refers to main.o(i._ZN7Lcd61007setLineEiiiii) for i._ZN7Lcd61007setLineEiiiii
    main.o(.ARM.exidx) refers to main.o(i._ZN7Lcd61007setRectEiiiihi) for i._ZN7Lcd61007setRectEiiiihi
    main.o(.ARM.exidx) refers to main.o(i._Z14readLcdButtonsv) for i._Z14readLcdButtonsv
    main.o(.ARM.exidx) refers to main.o(i._ZN7Lcd61007setCharEciiii) for i._ZN7Lcd61007setCharEciiii
    main.o(.ARM.exidx) refers to main.o(i._ZN7Lcd61006setStrEPciiii) for i._ZN7Lcd61006setStrEPciiii
    main.o(.ARM.exidx) refers to main.o(i._ZN7Lcd61005clearEi) for i._ZN7Lcd61005clearEi
    main.o(.ARM.exidx) refers to main.o(i._ZN7Lcd61004initEi) for i._ZN7Lcd61004initEi
    main.o(.ARM.exidx) refers to main.o(i.main) for i.main
    main.o(.ARM.exidx) refers to main.o(i._ZN2io10enableGPIOEv) for i._ZN2io10enableGPIOEv
    main.o(.ARM.exidx) refers to main.o(i._ZN7Lcd61004initEv) for i._ZN7Lcd61004initEv
    main.o(.ARM.exidx) refers to main.o(i._ZN7Lcd61009setCircleEiiii) for i._ZN7Lcd61009setCircleEiiii
    main.o(.ARM.exidx) refers to main.o(i.__sti___8_main_cpp_6720dcdb) for i.__sti___8_main_cpp_6720dcdb
    main.o(.init_array) refers to main.o(i.__sti___8_main_cpp_6720dcdb) for __sti___8_main_cpp_6720dcdb
    main.o(.init_array) refers to cpp_init.o(.text) for __cpp_initialize__aeabi_
    startup_mkl25z4.o(RESET) refers to startup_mkl25z4.o(STACK) for __initial_sp
    startup_mkl25z4.o(RESET) refers to startup_mkl25z4.o(.text) for Reset_Handler
    startup_mkl25z4.o(.text) refers to system_mkl25z4.o(i.SystemInit) for SystemInit
    startup_mkl25z4.o(.text) refers to entry.o(.ARM.Collect$$$$00000000) for __main
    system_mkl25z4.o(i.SystemCoreClockUpdate) refers to uidiv.o(.text) for __aeabi_uidivmod
    system_mkl25z4.o(i.SystemCoreClockUpdate) refers to system_mkl25z4.o(i.__ARM_common_switch8) for __ARM_common_switch8
    system_mkl25z4.o(i.SystemCoreClockUpdate) refers to system_mkl25z4.o(.data) for SystemCoreClock
    entry.o(.ARM.Collect$$$$00000000) refers (Special) to entry10a.o(.ARM.Collect$$$$0000000D) for __rt_final_cpp
    entry.o(.ARM.Collect$$$$00000000) refers (Special) to entry11a.o(.ARM.Collect$$$$0000000F) for __rt_final_exit
    entry.o(.ARM.Collect$$$$00000000) refers (Special) to entry7b.o(.ARM.Collect$$$$00000008) for _main_clock
    entry.o(.ARM.Collect$$$$00000000) refers (Special) to entry8b.o(.ARM.Collect$$$$0000000A) for _main_cpp_init
    entry.o(.ARM.Collect$$$$00000000) refers (Special) to entry9a.o(.ARM.Collect$$$$0000000B) for _main_init
    entry.o(.ARM.Collect$$$$00000000) refers (Special) to entry5.o(.ARM.Collect$$$$00000004) for _main_scatterload
    entry.o(.ARM.Collect$$$$00000000) refers (Special) to entry2.o(.ARM.Collect$$$$00000001) for _main_stk
    cpp_init.o(.emb_text) refers (Special) to entry8a.o(.ARM.Collect$$$$00000009) for _main_cpp_init$empty
    cpp_init.o(.init_array) refers (Special) to entry8a.o(.ARM.Collect$$$$00000009) for _main_cpp_init$empty
    cpp_init.o(.init_array) refers to cpp_init.o(.text) for __cpp_initialize__aeabi_
    cpp_init.o(.dummy_text) refers (Special) to entry8a.o(.ARM.Collect$$$$00000009) for _main_cpp_init$empty
    cpp_init.o(.text) refers (Special) to entry8a.o(.ARM.Collect$$$$00000009) for _main_cpp_init$empty
    entry2.o(.ARM.Collect$$$$00000001) refers to entry2.o(.ARM.Collect$$$$00002712) for __lit__00000000
    entry2.o(.ARM.Collect$$$$00002712) refers to startup_mkl25z4.o(STACK) for __initial_sp
    entry2.o(__vectab_stack_and_reset_area) refers to startup_mkl25z4.o(STACK) for __initial_sp
    entry2.o(__vectab_stack_and_reset_area) refers to entry.o(.ARM.Collect$$$$00000000) for __main
    entry5.o(.ARM.Collect$$$$00000004) refers to init.o(.text) for __scatterload
    entry8a.o(.ARM.Collect$$$$00000009) refers (Weak) to cpp_init.o(.text) for __cpp_initialize__aeabi_
    entry9a.o(.ARM.Collect$$$$0000000B) refers to main.o(i.main) for main
    entry9b.o(.ARM.Collect$$$$0000000C) refers to main.o(i.main) for main
    init.o(.text) refers to entry5.o(.ARM.Collect$$$$00000004) for __main_after_scatterload
    main.o(.ARM.exidx) refers to main.o(i._ZN2io4readEv) for i._ZN2io4readEv
    main.o(.ARM.exidx) refers to main.o(i._ZN4rectC1Ehhhh) for i._ZN4rectC1Ehhhh
    main.o(i._ZN6buttonC1EP9GPIO_Typeh) refers to main.o(.constdata) for PTs
    main.o(.ARM.exidx) refers to main.o(i._ZN6buttonC1EP9GPIO_Typeh) for i._ZN6buttonC1EP9GPIO_Typeh


==============================================================================

Removing Unused input sections from the image.

    Removing main.o(.rev16_text), (4 bytes).
    Removing main.o(.revsh_text), (4 bytes).
    Removing main.o(i._Z3posh), (8 bytes).
    Removing main.o(i._Z6getRGBccc), (18 bytes).
    Removing main.o(i._Z6ledOffv), (36 bytes).
    Removing main.o(i._Z8get_porth), (48 bytes).
    Removing main.o(i._ZN2io10enableGPIOEv), (52 bytes).
    Removing main.o(i._ZN7Lcd61004initEv), (14 bytes).
    Removing main.o(i._ZN7Lcd61009setCircleEiiii), (274 bytes).
    Removing main.o(.ARM.exidx), (8 bytes).
    Removing main.o(.ARM.exidx), (8 bytes).
    Removing main.o(.ARM.exidx), (8 bytes).
    Removing main.o(.ARM.exidx), (8 bytes).
    Removing main.o(.ARM.exidx), (8 bytes).
    Removing main.o(.ARM.exidx), (8 bytes).
    Removing main.o(.ARM.exidx), (8 bytes).
    Removing main.o(.ARM.exidx), (8 bytes).
    Removing main.o(.ARM.exidx), (8 bytes).
    Removing main.o(.ARM.exidx), (8 bytes).
    Removing main.o(.ARM.exidx), (8 bytes).
    Removing main.o(.ARM.exidx), (8 bytes).
    Removing main.o(.ARM.exidx), (8 bytes).
    Removing main.o(.ARM.exidx), (8 bytes).
    Removing main.o(.ARM.exidx), (8 bytes).
    Removing main.o(.ARM.exidx), (8 bytes).
    Removing main.o(.ARM.exidx), (8 bytes).
    Removing main.o(.ARM.exidx), (8 bytes).
    Removing main.o(.ARM.exidx), (8 bytes).
    Removing main.o(.ARM.exidx), (8 bytes).
    Removing main.o(.ARM.exidx), (8 bytes).
    Removing main.o(.ARM.exidx), (8 bytes).
    Removing main.o(.ARM.exidx), (8 bytes).
    Removing main.o(.ARM.exidx), (8 bytes).
    Removing main.o(.ARM.exidx), (8 bytes).
    Removing startup_mkl25z4.o(HEAP), (0 bytes).
    Removing system_mkl25z4.o(.rev16_text), (4 bytes).
    Removing system_mkl25z4.o(.revsh_text), (4 bytes).
    Removing system_mkl25z4.o(i.SystemCoreClockUpdate), (400 bytes).
    Removing system_mkl25z4.o(.data), (4 bytes).
    Removing main.o(.ARM.exidx), (8 bytes).
    Removing main.o(.ARM.exidx), (8 bytes).
    Removing main.o(.ARM.exidx), (8 bytes).
    Removing system_mkl25z4.o(i.__ARM_common_switch8), (28 bytes).

43 unused section(s) (total 1122 bytes) removed from the image.

==============================================================================

Image Symbol Table

    Local Symbols

    Symbol Name                              Value     Ov Type        Size  Object(Section)

    RESET                                    0x00000000   Section      192  startup_mkl25z4.o(RESET)
    ../clib/microlib/cpp/cpp_init.c          0x00000000   Number         0  cpp_init.o ABSOLUTE
    ../clib/microlib/cpp/cpp_init.c          0x00000000   Number         0  cpp_init.o ABSOLUTE
    ../clib/microlib/division.c              0x00000000   Number         0  uidiv.o ABSOLUTE
    ../clib/microlib/init/entry.s            0x00000000   Number         0  entry11a.o ABSOLUTE
    ../clib/microlib/init/entry.s            0x00000000   Number         0  entry5.o ABSOLUTE
    ../clib/microlib/init/entry.s            0x00000000   Number         0  entry11b.o ABSOLUTE
    ../clib/microlib/init/entry.s            0x00000000   Number         0  entry.o ABSOLUTE
    ../clib/microlib/init/entry.s            0x00000000   Number         0  entry10b.o ABSOLUTE
    ../clib/microlib/init/entry.s            0x00000000   Number         0  entry10a.o ABSOLUTE
    ../clib/microlib/init/entry.s            0x00000000   Number         0  entry9b.o ABSOLUTE
    ../clib/microlib/init/entry.s            0x00000000   Number         0  entry9a.o ABSOLUTE
    ../clib/microlib/init/entry.s            0x00000000   Number         0  entry8b.o ABSOLUTE
    ../clib/microlib/init/entry.s            0x00000000   Number         0  entry8a.o ABSOLUTE
    ../clib/microlib/init/entry.s            0x00000000   Number         0  entry7b.o ABSOLUTE
    ../clib/microlib/init/entry.s            0x00000000   Number         0  entry7a.o ABSOLUTE
    ../clib/microlib/init/entry.s            0x00000000   Number         0  entry2.o ABSOLUTE
    ../clib/microlib/string/memcpy.c         0x00000000   Number         0  memcpya.o ABSOLUTE
    ../clib/microlib/string/memcpy.c         0x00000000   Number         0  memcpyb.o ABSOLUTE
    RTE\Device\MKL25Z128xxx4\startup_MKL25Z4.s 0x00000000   Number         0  startup_mkl25z4.o ABSOLUTE
    RTE\Device\MKL25Z128xxx4\system_MKL25Z4.c 0x00000000   Number         0  system_mkl25z4.o ABSOLUTE
    RTE\\Device\\MKL25Z128xxx4\\system_MKL25Z4.c 0x00000000   Number         0  system_mkl25z4.o ABSOLUTE
    dc.s                                     0x00000000   Number         0  dc.o ABSOLUTE
    handlers.s                               0x00000000   Number         0  handlers.o ABSOLUTE
    init.s                                   0x00000000   Number         0  init.o ABSOLUTE
    main.cpp                                 0x00000000   Number         0  main.o ABSOLUTE
    main.cpp                                 0x00000000   Number         0  main.o ABSOLUTE
    .ARM.Collect$$$$00000000                 0x000000c0   Section        0  entry.o(.ARM.Collect$$$$00000000)
    .ARM.Collect$$$$00000001                 0x000000c0   Section        4  entry2.o(.ARM.Collect$$$$00000001)
    .ARM.Collect$$$$00000004                 0x000000c4   Section        4  entry5.o(.ARM.Collect$$$$00000004)
    .ARM.Collect$$$$00000008                 0x000000c8   Section        0  entry7b.o(.ARM.Collect$$$$00000008)
    .ARM.Collect$$$$00000009                 0x000000c8   Section        4  entry8a.o(.ARM.Collect$$$$00000009)
    .ARM.Collect$$$$0000000A                 0x000000cc   Section        0  entry8b.o(.ARM.Collect$$$$0000000A)
    .ARM.Collect$$$$0000000B                 0x000000cc   Section        8  entry9a.o(.ARM.Collect$$$$0000000B)
    .ARM.Collect$$$$0000000D                 0x000000d4   Section        0  entry10a.o(.ARM.Collect$$$$0000000D)
    .ARM.Collect$$$$0000000F                 0x000000d4   Section        0  entry11a.o(.ARM.Collect$$$$0000000F)
    .ARM.Collect$$$$00002712                 0x000000d4   Section        4  entry2.o(.ARM.Collect$$$$00002712)
    __lit__00000000                          0x000000d4   Data           4  entry2.o(.ARM.Collect$$$$00002712)
    .text                                    0x000000d8   Section       40  startup_mkl25z4.o(.text)
    .text                                    0x00000100   Section        0  memcpya.o(.text)
    .text                                    0x00000124   Section        0  cpp_init.o(.text)
    .text                                    0x00000144   Section       36  init.o(.text)
    i.SystemInit                             0x00000168   Section        0  system_mkl25z4.o(i.SystemInit)
    i._Z14readLcdButtonsv                    0x00000174   Section        0  main.o(i._Z14readLcdButtonsv)
    i._Z17delayMicrosecondsj                 0x0000024c   Section        0  main.o(i._Z17delayMicrosecondsj)
    i._Z5delayj                              0x00000270   Section        0  main.o(i._Z5delayj)
    i._Z6redSeth                             0x00000298   Section        0  main.o(i._Z6redSeth)
    i._Z7blueSeth                            0x000002c0   Section        0  main.o(i._Z7blueSeth)
    i._Z8greenSeth                           0x000002e4   Section        0  main.o(i._Z8greenSeth)
    i._Z9pickColorccc                        0x0000030c   Section        0  main.o(i._Z9pickColorccc)
    i._ZN2io4readEv                          0x0000032c   Section        0  main.o(i._ZN2io4readEv)
    i._ZN4rectC1Ehhhh                        0x00000348   Section        0  main.o(i._ZN4rectC1Ehhhh)
    i._ZN6buttonC1EP9GPIO_Typeh              0x0000035c   Section        0  main.o(i._ZN6buttonC1EP9GPIO_Typeh)
    i._ZN7Lcd61006setStrEPciiii              0x000003a8   Section        0  main.o(i._ZN7Lcd61006setStrEPciiii)
    i.__scatterload_copy                     0x000003e2   Section       14  handlers.o(i.__scatterload_copy)
    i.__scatterload_null                     0x000003f0   Section        2  handlers.o(i.__scatterload_null)
    i.__scatterload_zeroinit                 0x000003f2   Section       14  handlers.o(i.__scatterload_zeroinit)
    .ARM.__at_0x400                          0x00000400   Section       16  startup_mkl25z4.o(.ARM.__at_0x400)
    i._ZN7Lcd610010LCDCommandEh              0x00000410   Section        0  main.o(i._ZN7Lcd610010LCDCommandEh)
    i._ZN7Lcd61004initEi                     0x000004b0   Section        0  main.o(i._ZN7Lcd61004initEi)
    i._ZN7Lcd61005clearEi                    0x00000598   Section        0  main.o(i._ZN7Lcd61005clearEi)
    i._ZN7Lcd61007LCDDataEh                  0x0000061c   Section        0  main.o(i._ZN7Lcd61007LCDDataEh)
    i._ZN7Lcd61007setCharEciiii              0x000006bc   Section        0  main.o(i._ZN7Lcd61007setCharEciiii)
    i._ZN7Lcd61007setLineEiiiii              0x000007d0   Section        0  main.o(i._ZN7Lcd61007setLineEiiiii)
    i._ZN7Lcd61007setRectEiiiihi             0x00000888   Section        0  main.o(i._ZN7Lcd61007setRectEiiiihi)
    i._ZN7Lcd61008setPixelEihh               0x00000918   Section        0  main.o(i._ZN7Lcd61008setPixelEihh)
    i.__sti___8_main_cpp_6720dcdb            0x000009dc   Section        0  main.o(i.__sti___8_main_cpp_6720dcdb)
    __sti___8_main_cpp_6720dcdb              0x000009dd   Thumb Code   144  main.o(i.__sti___8_main_cpp_6720dcdb)
    i.main                                   0x00000a8c   Section        0  main.o(i.main)
    .constdata                               0x00000cb8   Section     1592  main.o(.constdata)
    PTs                                      0x00000cb8   Data          20  main.o(.constdata)
    PORTAE                                   0x00000ccc   Data          20  main.o(.constdata)
    FONT8x16                                 0x00000ce0   Data        1552  main.o(.constdata)
    .init_array                              0x00001310   Section        4  main.o(.init_array)
    .init_array                              0x00001314   Section        0  cpp_init.o(.init_array)
    .data                                    0x1ffff000   Section       14  main.o(.data)
    x_offset                                 0x1ffff00c   Data           1  main.o(.data)
    y_offset                                 0x1ffff00d   Data           1  main.o(.data)
    .bss                                     0x1ffff010   Section       84  main.o(.bss)
    STACK                                    0x1ffff068   Section      256  startup_mkl25z4.o(STACK)

    Global Symbols

    Symbol Name                              Value     Ov Type        Size  Object(Section)

    BuildAttributes$$THM_ISAv3M$S$PE$A:L22$X:L11$S22$IEEE1$IW$USESV6$~STKCKD$USESV7$~SHL$OSPACE$EBA8$MICROLIB$REQ8$PRES8$EABIv2 0x00000000   Number         0  anon$$obj.o ABSOLUTE
    __ARM_use_no_argv                        0x00000000   Number         0  main.o ABSOLUTE
    __Vectors                                0x00000000   Data           4  startup_mkl25z4.o(RESET)
    __cxa_finalize                            - Undefined Weak Reference
    __decompress                              - Undefined Weak Reference
    _clock_init                               - Undefined Weak Reference
    _microlib_exit                            - Undefined Weak Reference
    __Vectors_End                            0x000000c0   Data           0  startup_mkl25z4.o(RESET)
    __Vectors_Size                           0x000000c0   Number         0  startup_mkl25z4.o ABSOLUTE
    __main                                   0x000000c1   Thumb Code     0  entry.o(.ARM.Collect$$$$00000000)
    _main_stk                                0x000000c1   Thumb Code     0  entry2.o(.ARM.Collect$$$$00000001)
    _main_scatterload                        0x000000c5   Thumb Code     0  entry5.o(.ARM.Collect$$$$00000004)
    __main_after_scatterload                 0x000000c9   Thumb Code     0  entry5.o(.ARM.Collect$$$$00000004)
    _main_clock                              0x000000c9   Thumb Code     0  entry7b.o(.ARM.Collect$$$$00000008)
    _main_cpp_init$empty                     0x000000c9   Thumb Code     0  entry8a.o(.ARM.Collect$$$$00000009)
    _main_cpp_init                           0x000000cd   Thumb Code     0  entry8b.o(.ARM.Collect$$$$0000000A)
    _main_init                               0x000000cd   Thumb Code     0  entry9a.o(.ARM.Collect$$$$0000000B)
    __rt_final_cpp                           0x000000d5   Thumb Code     0  entry10a.o(.ARM.Collect$$$$0000000D)
    __rt_final_exit                          0x000000d5   Thumb Code     0  entry11a.o(.ARM.Collect$$$$0000000F)
    Reset_Handler                            0x000000d9   Thumb Code    12  startup_mkl25z4.o(.text)
    NMI_Handler                              0x000000e5   Thumb Code     2  startup_mkl25z4.o(.text)
    HardFault_Handler                        0x000000e7   Thumb Code     2  startup_mkl25z4.o(.text)
    SVC_Handler                              0x000000e9   Thumb Code     2  startup_mkl25z4.o(.text)
    PendSV_Handler                           0x000000eb   Thumb Code     2  startup_mkl25z4.o(.text)
    SysTick_Handler                          0x000000ed   Thumb Code     2  startup_mkl25z4.o(.text)
    ADC0_IRQHandler                          0x000000ef   Thumb Code     0  startup_mkl25z4.o(.text)
    CMP0_IRQHandler                          0x000000ef   Thumb Code     0  startup_mkl25z4.o(.text)
    DAC0_IRQHandler                          0x000000ef   Thumb Code     0  startup_mkl25z4.o(.text)
    DMA0_IRQHandler                          0x000000ef   Thumb Code     0  startup_mkl25z4.o(.text)
    DMA1_IRQHandler                          0x000000ef   Thumb Code     0  startup_mkl25z4.o(.text)
    DMA2_IRQHandler                          0x000000ef   Thumb Code     0  startup_mkl25z4.o(.text)
    DMA3_IRQHandler                          0x000000ef   Thumb Code     0  startup_mkl25z4.o(.text)
    DefaultISR                               0x000000ef   Thumb Code     0  startup_mkl25z4.o(.text)
    FTFA_IRQHandler                          0x000000ef   Thumb Code     0  startup_mkl25z4.o(.text)
    I2C0_IRQHandler                          0x000000ef   Thumb Code     0  startup_mkl25z4.o(.text)
    I2C1_IRQHandler                          0x000000ef   Thumb Code     0  startup_mkl25z4.o(.text)
    LLWU_IRQHandler                          0x000000ef   Thumb Code     0  startup_mkl25z4.o(.text)
    LPTMR0_IRQHandler                        0x000000ef   Thumb Code     0  startup_mkl25z4.o(.text)
    LVD_LVW_IRQHandler                       0x000000ef   Thumb Code     0  startup_mkl25z4.o(.text)
    MCG_IRQHandler                           0x000000ef   Thumb Code     0  startup_mkl25z4.o(.text)
    PIT_IRQHandler                           0x000000ef   Thumb Code     0  startup_mkl25z4.o(.text)
    PORTA_IRQHandler                         0x000000ef   Thumb Code     0  startup_mkl25z4.o(.text)
    PORTD_IRQHandler                         0x000000ef   Thumb Code     0  startup_mkl25z4.o(.text)
    RTC_IRQHandler                           0x000000ef   Thumb Code     0  startup_mkl25z4.o(.text)
    RTC_Seconds_IRQHandler                   0x000000ef   Thumb Code     0  startup_mkl25z4.o(.text)
    Reserved20_IRQHandler                    0x000000ef   Thumb Code     0  startup_mkl25z4.o(.text)
    Reserved39_IRQHandler                    0x000000ef   Thumb Code     0  startup_mkl25z4.o(.text)
    Reserved45_IRQHandler                    0x000000ef   Thumb Code     0  startup_mkl25z4.o(.text)
    SPI0_IRQHandler                          0x000000ef   Thumb Code     0  startup_mkl25z4.o(.text)
    SPI1_IRQHandler                          0x000000ef   Thumb Code     0  startup_mkl25z4.o(.text)
    TPM0_IRQHandler                          0x000000ef   Thumb Code     0  startup_mkl25z4.o(.text)
    TPM1_IRQHandler                          0x000000ef   Thumb Code     0  startup_mkl25z4.o(.text)
    TPM2_IRQHandler                          0x000000ef   Thumb Code     0  startup_mkl25z4.o(.text)
    TSI0_IRQHandler                          0x000000ef   Thumb Code     0  startup_mkl25z4.o(.text)
    UART0_IRQHandler                         0x000000ef   Thumb Code     0  startup_mkl25z4.o(.text)
    UART1_IRQHandler                         0x000000ef   Thumb Code     0  startup_mkl25z4.o(.text)
    UART2_IRQHandler                         0x000000ef   Thumb Code     0  startup_mkl25z4.o(.text)
    USB0_IRQHandler                          0x000000ef   Thumb Code     0  startup_mkl25z4.o(.text)
    __aeabi_memcpy                           0x00000101   Thumb Code    36  memcpya.o(.text)
    __aeabi_memcpy4                          0x00000101   Thumb Code     0  memcpya.o(.text)
    __aeabi_memcpy8                          0x00000101   Thumb Code     0  memcpya.o(.text)
    __cpp_initialize__aeabi_                 0x00000125   Thumb Code    22  cpp_init.o(.text)
    __scatterload                            0x00000145   Thumb Code    28  init.o(.text)
    __scatterload_rt2                        0x00000145   Thumb Code     0  init.o(.text)
    SystemInit                               0x00000169   Thumb Code     8  system_mkl25z4.o(i.SystemInit)
    readLcdButtons()                         0x00000175   Thumb Code   188  main.o(i._Z14readLcdButtonsv)
    delayMicroseconds(unsigned)              0x0000024d   Thumb Code    36  main.o(i._Z17delayMicrosecondsj)
    delay(unsigned)                          0x00000271   Thumb Code    38  main.o(i._Z5delayj)
    redSet(unsigned char)                    0x00000299   Thumb Code    36  main.o(i._Z6redSeth)
    blueSet(unsigned char)                   0x000002c1   Thumb Code    32  main.o(i._Z7blueSeth)
    greenSet(unsigned char)                  0x000002e5   Thumb Code    36  main.o(i._Z8greenSeth)
    pickColor(char, char, char)              0x0000030d   Thumb Code    26  main.o(i._Z9pickColorccc)
    io::read()                               0x0000032d   Thumb Code    28  main.o(i._ZN2io4readEv)
    rect::rect(unsigned char, unsigned char, unsigned char, unsigned char) 0x00000349   Thumb Code    18  main.o(i._ZN4rectC1Ehhhh)
    rect::rect__sub_object(unsigned char, unsigned char, unsigned char, unsigned char) 0x00000349   Thumb Code     0  main.o(i._ZN4rectC1Ehhhh)
    button::button(GPIO_Type*, unsigned char) 0x0000035d   Thumb Code    70  main.o(i._ZN6buttonC1EP9GPIO_Typeh)
    button::button__sub_object(GPIO_Type*, unsigned char) 0x0000035d   Thumb Code     0  main.o(i._ZN6buttonC1EP9GPIO_Typeh)
    Lcd6100::setStr(char*, int, int, int, int) 0x000003a9   Thumb Code    58  main.o(i._ZN7Lcd61006setStrEPciiii)
    __scatterload_copy                       0x000003e3   Thumb Code    14  handlers.o(i.__scatterload_copy)
    __scatterload_null                       0x000003f1   Thumb Code     2  handlers.o(i.__scatterload_null)
    __scatterload_zeroinit                   0x000003f3   Thumb Code    14  handlers.o(i.__scatterload_zeroinit)
    Lcd6100::LCDCommand(unsigned char)       0x00000411   Thumb Code   154  main.o(i._ZN7Lcd610010LCDCommandEh)
    Lcd6100::init(int)                       0x000004b1   Thumb Code   228  main.o(i._ZN7Lcd61004initEi)
    Lcd6100::clear(int)                      0x00000599   Thumb Code   118  main.o(i._ZN7Lcd61005clearEi)
    Lcd6100::LCDData(unsigned char)          0x0000061d   Thumb Code   154  main.o(i._ZN7Lcd61007LCDDataEh)
    Lcd6100::setChar(char, int, int, int, int) 0x000006bd   Thumb Code   270  main.o(i._ZN7Lcd61007setCharEciiii)
    Lcd6100::setLine(int, int, int, int, int) 0x000007d1   Thumb Code   184  main.o(i._ZN7Lcd61007setLineEiiiii)
    Lcd6100::setRect(int, int, int, int, unsigned char, int) 0x00000889   Thumb Code   144  main.o(i._ZN7Lcd61007setRectEiiiihi)
    Lcd6100::setPixel(int, unsigned char, unsigned char) 0x00000919   Thumb Code   196  main.o(i._ZN7Lcd61008setPixelEihh)
    main                                     0x00000a8d   Thumb Code   516  main.o(i.main)
    Region$$Table$$Base                      0x000012f0   Number         0  anon$$obj.o(Region$$Table)
    Region$$Table$$Limit                     0x00001310   Number         0  anon$$obj.o(Region$$Table)
    SHT$$INIT_ARRAY$$Base                    0x00001310   Number         0  main.o(.init_array)
    SHT$$INIT_ARRAY$$Limit                   0x00001314   Number         0  cpp_init.o(.init_array)
    s1                                       0x1ffff000   Data           4  main.o(.data)
    s2                                       0x1ffff004   Data           4  main.o(.data)
    s3                                       0x1ffff008   Data           4  main.o(.data)
    S1                                       0x1ffff010   Data          24  main.o(.bss)
    S2                                       0x1ffff028   Data          24  main.o(.bss)
    S3                                       0x1ffff040   Data          24  main.o(.bss)
    lcd                                      0x1ffff058   Data          12  main.o(.bss)
    __initial_sp                             0x1ffff168   Data           0  startup_mkl25z4.o(STACK)



==============================================================================

Memory Map of the image

  Image Entry point : 0x000000d9

  Load Region LR_1 (Base: 0x00000000, Size: 0x00001324, Max: 0xffffffff, ABSOLUTE)

    Execution Region ER_RO (Base: 0x00000000, Size: 0x00001314, Max: 0xffffffff, ABSOLUTE)

    Base Addr    Size         Type   Attr      Idx    E Section Name        Object

    0x00000000   0x000000c0   Data   RO          255    RESET               startup_mkl25z4.o
    0x000000c0   0x00000000   Code   RO          316  * .ARM.Collect$$$$00000000  mc_p.l(entry.o)
    0x000000c0   0x00000004   Code   RO          330    .ARM.Collect$$$$00000001  mc_p.l(entry2.o)
    0x000000c4   0x00000004   Code   RO          333    .ARM.Collect$$$$00000004  mc_p.l(entry5.o)
    0x000000c8   0x00000000   Code   RO          335    .ARM.Collect$$$$00000008  mc_p.l(entry7b.o)
    0x000000c8   0x00000004   Code   RO          336    .ARM.Collect$$$$00000009  mc_p.l(entry8a.o)
    0x000000cc   0x00000000   Code   RO          337    .ARM.Collect$$$$0000000A  mc_p.l(entry8b.o)
    0x000000cc   0x00000008   Code   RO          338    .ARM.Collect$$$$0000000B  mc_p.l(entry9a.o)
    0x000000d4   0x00000000   Code   RO          340    .ARM.Collect$$$$0000000D  mc_p.l(entry10a.o)
    0x000000d4   0x00000000   Code   RO          342    .ARM.Collect$$$$0000000F  mc_p.l(entry11a.o)
    0x000000d4   0x00000004   Code   RO          331    .ARM.Collect$$$$00002712  mc_p.l(entry2.o)
    0x000000d8   0x00000028   Code   RO          257  * .text               startup_mkl25z4.o
    0x00000100   0x00000024   Code   RO          321    .text               mc_p.l(memcpya.o)
    0x00000124   0x00000020   Code   RO          328    .text               mc_p.l(cpp_init.o)
    0x00000144   0x00000024   Code   RO          344    .text               mc_p.l(init.o)
    0x00000168   0x0000000c   Code   RO          266    i.SystemInit        system_mkl25z4.o
    0x00000174   0x000000d8   Code   RO            3    i._Z14readLcdButtonsv  main.o
    0x0000024c   0x00000024   Code   RO            4    i._Z17delayMicrosecondsj  main.o
    0x00000270   0x00000026   Code   RO            6    i._Z5delayj         main.o
    0x00000296   0x00000002   PAD
    0x00000298   0x00000028   Code   RO            9    i._Z6redSeth        main.o
    0x000002c0   0x00000024   Code   RO           10    i._Z7blueSeth       main.o
    0x000002e4   0x00000028   Code   RO           12    i._Z8greenSeth      main.o
    0x0000030c   0x00000020   Code   RO           13    i._Z9pickColorccc   main.o
    0x0000032c   0x0000001c   Code   RO          178    i._ZN2io4readEv     main.o
    0x00000348   0x00000012   Code   RO          184    i._ZN4rectC1Ehhhh   main.o
    0x0000035a   0x00000002   PAD
    0x0000035c   0x0000004c   Code   RO          190    i._ZN6buttonC1EP9GPIO_Typeh  main.o
    0x000003a8   0x0000003a   Code   RO           19    i._ZN7Lcd61006setStrEPciiii  main.o
    0x000003e2   0x0000000e   Code   RO          348    i.__scatterload_copy  mc_p.l(handlers.o)
    0x000003f0   0x00000002   Code   RO          349    i.__scatterload_null  mc_p.l(handlers.o)
    0x000003f2   0x0000000e   Code   RO          350    i.__scatterload_zeroinit  mc_p.l(handlers.o)
    0x00000400   0x00000010   Code   RO          256    .ARM.__at_0x400     startup_mkl25z4.o
    0x00000410   0x000000a0   Code   RO           15    i._ZN7Lcd610010LCDCommandEh  main.o
    0x000004b0   0x000000e8   Code   RO           16    i._ZN7Lcd61004initEi  main.o
    0x00000598   0x00000084   Code   RO           18    i._ZN7Lcd61005clearEi  main.o
    0x0000061c   0x000000a0   Code   RO           20    i._ZN7Lcd61007LCDDataEh  main.o
    0x000006bc   0x00000114   Code   RO           21    i._ZN7Lcd61007setCharEciiii  main.o
    0x000007d0   0x000000b8   Code   RO           22    i._ZN7Lcd61007setLineEiiiii  main.o
    0x00000888   0x00000090   Code   RO           23    i._ZN7Lcd61007setRectEiiiihi  main.o
    0x00000918   0x000000c4   Code   RO           24    i._ZN7Lcd61008setPixelEihh  main.o
    0x000009dc   0x000000b0   Code   RO           26    i.__sti___8_main_cpp_6720dcdb  main.o
    0x00000a8c   0x0000022c   Code   RO           27    i.main              main.o
    0x00000cb8   0x00000638   Data   RO           54    .constdata          main.o
    0x000012f0   0x00000020   Data   RO          346    Region$$Table       anon$$obj.o
    0x00001310   0x00000004   Data   RO           56    .init_array         main.o
    0x00001314   0x00000000   Data   RO          326    .init_array         mc_p.l(cpp_init.o)


    Execution Region ER_RW (Base: 0x1ffff000, Size: 0x00000010, Max: 0xffffffff, ABSOLUTE)

    Base Addr    Size         Type   Attr      Idx    E Section Name        Object

    0x1ffff000   0x0000000e   Data   RW           55    .data               main.o


    Execution Region ER_ZI (Base: 0x1ffff010, Size: 0x00000158, Max: 0xffffffff, ABSOLUTE)

    Base Addr    Size         Type   Attr      Idx    E Section Name        Object

    0x1ffff010   0x00000054   Zero   RW           53    .bss                main.o
    0x1ffff064   0x00000004   PAD
    0x1ffff068   0x00000100   Zero   RW          253    STACK               startup_mkl25z4.o


==============================================================================

Image component sizes


      Code (inc. data)   RO Data    RW Data    ZI Data      Debug   Object Name

      2834        160       1596         14         84     234318   main.o
        56         30        192          0        256        880   startup_mkl25z4.o
        12          4          0          0          0       1897   system_mkl25z4.o

    ----------------------------------------------------------------------
      2906        194       1820         16        344     237095   Object Totals
         0          0         32          0          0          0   (incl. Generated)
         4          0          0          2          4          0   (incl. Padding)

    ----------------------------------------------------------------------

      Code (inc. data)   RO Data    RW Data    ZI Data      Debug   Library Member Name

        32         10          0          0          0         72   cpp_init.o
         0          0          0          0          0          0   entry.o
         0          0          0          0          0          0   entry10a.o
         0          0          0          0          0          0   entry11a.o
         8          4          0          0          0          0   entry2.o
         4          0          0          0          0          0   entry5.o
         0          0          0          0          0          0   entry7b.o
         4          0          0          0          0          0   entry8a.o
         0          0          0          0          0          0   entry8b.o
         8          4          0          0          0          0   entry9a.o
        30          0          0          0          0          0   handlers.o
        36          8          0          0          0         68   init.o
        36          0          0          0          0         60   memcpya.o

    ----------------------------------------------------------------------
       158         26          0          0          0        200   Library Totals
         0          0          0          0          0          0   (incl. Padding)

    ----------------------------------------------------------------------

      Code (inc. data)   RO Data    RW Data    ZI Data      Debug   Library Name

       158         26          0          0          0        200   mc_p.l

    ----------------------------------------------------------------------
       158         26          0          0          0        200   Library Totals

    ----------------------------------------------------------------------

==============================================================================


      Code (inc. data)   RO Data    RW Data    ZI Data      Debug   

      3064        220       1820         16        344     236567   Grand Totals
      3064        220       1820         16        344     236567   ELF Image Totals
      3064        220       1820         16          0          0   ROM Totals

==============================================================================

    Total RO  Size (Code + RO Data)                 4884 (   4.77kB)
    Total RW  Size (RW Data + ZI Data)               360 (   0.35kB)
    Total ROM Size (Code + RO Data + RW Data)       4900 (   4.79kB)

==============================================================================

